2026-06-21 08:57:21 | INFO     | ====================================================================
2026-06-21 08:57:21 | INFO     |   EURO-Q-EXA EXCLUSIVE DAY — master scheduler
2026-06-21 08:57:21 | INFO     |   backend   : LOCAL-SIM
2026-06-21 08:57:21 | INFO     |   outdir    : build/results/_localcheck
2026-06-21 08:57:21 | INFO     |   reps/shots: 4/512
2026-06-21 08:57:21 | INFO     |   queue     : j2_core
2026-06-21 08:57:21 | INFO     |   gating    : completion-based (not clock-based)
2026-06-21 08:57:21 | INFO     | ====================================================================
2026-06-21 08:57:21 | INFO     | --------------------------------------------------------------------
2026-06-21 08:57:21 | INFO     | ▶ START j2_core   (elapsed 0.00 h)
2026-06-21 08:57:21 | INFO     | [j2_core] layout=[8, 9, 10, 11] ideal=+0.9812 43g/6cz depth=25
2026-06-21 08:57:21 | INFO     |   lambda=1.0: genuine=47g/6cz garbage=47g/6cz  [CZ OK]
2026-06-21 08:57:21 | INFO     |   lambda=3.0: genuine=133g/18cz garbage=133g/18cz  [CZ OK]
2026-06-21 08:57:21 | INFO     |   lambda=5.0: genuine=219g/30cz garbage=219g/30cz  [CZ OK]
2026-06-21 08:57:21 | INFO     |   [genuine  rep   1/4] E(1.0)=+0.9570 E(3.0)=+0.9805 E(5.0)=+0.9609
2026-06-21 08:57:21 | INFO     |   [genuine  rep   2/4] E(1.0)=+0.9805 E(3.0)=+0.9648 E(5.0)=+0.9609
2026-06-21 08:57:21 | INFO     |   [genuine  rep   3/4] E(1.0)=+0.9844 E(3.0)=+0.9766 E(5.0)=+0.9492
2026-06-21 08:57:22 | INFO     |   [genuine  rep   4/4] E(1.0)=+0.9805 E(3.0)=+0.9766 E(5.0)=+0.9570
2026-06-21 08:57:22 | INFO     |   [garbage  rep   1/4] E(1.0)=+0.9805 E(3.0)=+0.4023 E(5.0)=-0.2500
2026-06-21 08:57:22 | INFO     |   [garbage  rep   2/4] E(1.0)=+0.9844 E(3.0)=+0.3867 E(5.0)=-0.2070
2026-06-21 08:57:22 | INFO     |   [garbage  rep   3/4] E(1.0)=+0.9727 E(3.0)=+0.3945 E(5.0)=-0.1211
2026-06-21 08:57:22 | INFO     |   [garbage  rep   4/4] E(1.0)=+0.9570 E(3.0)=+0.4102 E(5.0)=-0.1914
2026-06-21 08:57:22 | INFO     |   aggregate -> j2_core_summary.csv: rho_genu=-1.0225 rho_garb=37.246
2026-06-21 08:57:22 | INFO     | ✓ DONE  j2_core  (0.0 min)
2026-06-21 08:57:22 | INFO     | ====================================================================
2026-06-21 08:57:22 | INFO     | DAY COMPLETE — 1 done, 0 failed, 0.00 h elapsed
2026-06-21 08:57:22 | INFO     |   manifest: build/results/_localcheck/day_manifest.json
2026-06-21 08:57:22 | INFO     | ====================================================================
2026-06-21 14:54:17 | INFO     | ====================================================================
2026-06-21 14:54:17 | INFO     |   EURO-Q-EXA EXCLUSIVE DAY — master scheduler
2026-06-21 14:54:17 | INFO     |   backend   : LOCAL-SIM
2026-06-21 14:54:17 | INFO     |   outdir    : /tmp/eqe_j6_smoke
2026-06-21 14:54:17 | INFO     |   reps/shots: 4/512
2026-06-21 14:54:17 | INFO     |   queue     : j6_nullmodels
2026-06-21 14:54:17 | INFO     |   gating    : completion-based (not clock-based)
2026-06-21 14:54:17 | INFO     | ====================================================================
2026-06-21 14:54:17 | INFO     | --------------------------------------------------------------------
2026-06-21 14:54:17 | INFO     | ▶ START j6_nullmodels   (elapsed 0.00 h)
2026-06-21 14:54:17 | INFO     | [j6_nullmodels] layout=[8, 9, 10, 11] ideal=+0.9812 43g/6cz depth=25
2026-06-21 14:54:17 | INFO     |   lambda=1.0: genuine=47g/6cz garbage=47g/6cz identity=47g/6cz  [CZ OK]
2026-06-21 14:54:17 | INFO     |   lambda=3.0: genuine=133g/18cz garbage=133g/18cz identity=133g/18cz  [CZ OK]
2026-06-21 14:54:17 | INFO     |   lambda=5.0: genuine=219g/30cz garbage=219g/30cz identity=219g/30cz  [CZ OK]
2026-06-21 14:54:17 | INFO     |   [genuine  rep   1/4] E(1.0)=+0.9766 E(3.0)=+0.9648 E(5.0)=+0.9570
2026-06-21 14:54:17 | INFO     |   [genuine  rep   2/4] E(1.0)=+0.9492 E(3.0)=+0.9492 E(5.0)=+0.9570
2026-06-21 14:54:18 | INFO     |   [genuine  rep   3/4] E(1.0)=+0.9531 E(3.0)=+0.9648 E(5.0)=+0.9609
2026-06-21 14:54:18 | INFO     |   [genuine  rep   4/4] E(1.0)=+0.9844 E(3.0)=+0.9844 E(5.0)=+0.9570
2026-06-21 14:54:18 | INFO     |   [garbage  rep   1/4] E(1.0)=+0.9805 E(3.0)=+0.3477 E(5.0)=-0.1484
2026-06-21 14:54:18 | INFO     |   [garbage  rep   2/4] E(1.0)=+0.9805 E(3.0)=+0.4258 E(5.0)=-0.2930
2026-06-21 14:54:18 | INFO     |   [garbage  rep   3/4] E(1.0)=+0.9727 E(3.0)=+0.3516 E(5.0)=-0.2266
2026-06-21 14:54:18 | INFO     |   [garbage  rep   4/4] E(1.0)=+0.9609 E(3.0)=+0.4336 E(5.0)=-0.1914
2026-06-21 14:54:18 | INFO     |   [identity rep   1/4] E(1.0)=+0.9805 E(3.0)=+0.9453 E(5.0)=+0.9531
2026-06-21 14:54:18 | INFO     |   [identity rep   2/4] E(1.0)=+0.9805 E(3.0)=+0.9570 E(5.0)=+0.9805
2026-06-21 14:54:18 | INFO     |   [identity rep   3/4] E(1.0)=+0.9648 E(3.0)=+0.9570 E(5.0)=+0.9414
2026-06-21 14:54:18 | INFO     |   [identity rep   4/4] E(1.0)=+0.9844 E(3.0)=+0.9688 E(5.0)=+0.9180
2026-06-21 14:54:18 | INFO     |   aggregate -> j6_nullmodels_summary.csv: rho_genu=-0.1905 rho_garb=37.5862 rho_iden=4.0049
2026-06-21 14:54:18 | INFO     | ✓ DONE  j6_nullmodels  (0.0 min)
2026-06-21 14:54:18 | INFO     | ====================================================================
2026-06-21 14:54:18 | INFO     | DAY COMPLETE — 1 done, 0 failed, 0.00 h elapsed
2026-06-21 14:54:18 | INFO     |   manifest: /tmp/eqe_j6_smoke/day_manifest.json
2026-06-21 14:54:18 | INFO     | ====================================================================
2026-06-21 15:38:39 | INFO     | ====================================================================
2026-06-21 15:38:39 | INFO     |   EURO-Q-EXA EXCLUSIVE DAY — master scheduler
2026-06-21 15:38:39 | INFO     |   backend   : LOCAL-SIM
2026-06-21 15:38:39 | INFO     |   outdir    : /tmp/eqe_j3_smoke
2026-06-21 15:38:39 | INFO     |   reps/shots: 4/512
2026-06-21 15:38:39 | INFO     |   queue     : j3_spectrum
2026-06-21 15:38:39 | INFO     |   gating    : completion-based (not clock-based)
2026-06-21 15:38:39 | INFO     | ====================================================================
2026-06-21 15:38:39 | INFO     | --------------------------------------------------------------------
2026-06-21 15:38:39 | INFO     | ▶ START j3_spectrum   (elapsed 0.00 h)
2026-06-21 15:38:39 | INFO     | [j3_spectrum_kim] layout=[8, 9, 10, 11] ideal=+0.9812 43g/6cz depth=25
2026-06-21 15:38:39 | INFO     |   lambda=1.0: genuine=47g/6cz garbage=47g/6cz  [CZ OK]
2026-06-21 15:38:39 | INFO     |   lambda=3.0: genuine=133g/18cz garbage=133g/18cz  [CZ OK]
2026-06-21 15:38:39 | INFO     |   lambda=5.0: genuine=219g/30cz garbage=219g/30cz  [CZ OK]
2026-06-21 15:38:39 | INFO     |   [genuine  rep   1/4] E(1.0)=+0.9766 E(3.0)=+0.9766 E(5.0)=+0.9297
2026-06-21 15:38:39 | INFO     |   [genuine  rep   2/4] E(1.0)=+0.9922 E(3.0)=+0.9609 E(5.0)=+0.9609
2026-06-21 15:38:39 | INFO     |   [genuine  rep   3/4] E(1.0)=+0.9727 E(3.0)=+0.9727 E(5.0)=+0.9336
2026-06-21 15:38:39 | INFO     |   [genuine  rep   4/4] E(1.0)=+0.9531 E(3.0)=+0.9492 E(5.0)=+0.9375
2026-06-21 15:38:39 | INFO     |   [garbage  rep   1/4] E(1.0)=+0.9648 E(3.0)=+0.3633 E(5.0)=-0.1836
2026-06-21 15:38:39 | INFO     |   [garbage  rep   2/4] E(1.0)=+0.9805 E(3.0)=+0.3242 E(5.0)=-0.1875
2026-06-21 15:38:39 | INFO     |   [garbage  rep   3/4] E(1.0)=+0.9727 E(3.0)=+0.3867 E(5.0)=-0.2539
2026-06-21 15:38:39 | INFO     |   [garbage  rep   4/4] E(1.0)=+0.9766 E(3.0)=+0.3477 E(5.0)=-0.2266
2026-06-21 15:38:39 | INFO     |   aggregate -> j3_spectrum_kim_summary.csv: rho_genu=-0.1936 rho_garb=43.33
2026-06-21 15:38:39 | INFO     | [j3_spectrum_hour] layout=[8, 9, 10, 11] ideal=+0.9812 43g/6cz depth=25
2026-06-21 15:38:39 | INFO     |   lambda=1.0: genuine=47g/6cz garbage=47g/6cz  [CZ OK]
2026-06-21 15:38:39 | INFO     |   lambda=1.5: genuine=67g/8cz garbage=67g/8cz  [CZ OK]
2026-06-21 15:38:39 | INFO     |   lambda=2.0: genuine=89g/12cz garbage=89g/12cz  [CZ OK]
2026-06-21 15:38:39 | INFO     |   lambda=2.5: genuine=111g/16cz garbage=111g/16cz  [CZ OK]
2026-06-21 15:38:39 | INFO     |   [genuine  rep   1/4] E(1.0)=+0.9688 E(1.5)=+0.9727 E(2.0)=+0.9688 E(2.5)=+0.9727
2026-06-21 15:38:39 | INFO     |   [genuine  rep   2/4] E(1.0)=+0.9727 E(1.5)=+0.9844 E(2.0)=+0.9766 E(2.5)=+0.9766
2026-06-21 15:38:39 | INFO     |   [genuine  rep   3/4] E(1.0)=+0.9805 E(1.5)=+0.9727 E(2.0)=+0.9766 E(2.5)=+0.9570
2026-06-21 15:38:40 | INFO     |   [genuine  rep   4/4] E(1.0)=+0.9766 E(1.5)=+0.9883 E(2.0)=+0.9492 E(2.5)=+0.9766
2026-06-21 15:38:40 | INFO     |   [garbage  rep   1/4] E(1.0)=+0.9844 E(1.5)=+0.0859 E(2.0)=-0.0156 E(2.5)=+0.3125
2026-06-21 15:38:40 | INFO     |   [garbage  rep   2/4] E(1.0)=+0.9883 E(1.5)=+0.0703 E(2.0)=-0.0430 E(2.5)=+0.2500
2026-06-21 15:38:40 | INFO     |   [garbage  rep   3/4] E(1.0)=+0.9727 E(1.5)=+0.0469 E(2.0)=-0.1602 E(2.5)=+0.2773
2026-06-21 15:38:40 | INFO     |   [garbage  rep   4/4] E(1.0)=+0.9570 E(1.5)=-0.0078 E(2.0)=-0.1055 E(2.5)=+0.3828
2026-06-21 15:38:40 | INFO     |   aggregate -> j3_spectrum_hour_summary.csv: rho_genu=-28.017 rho_garb=956.1558
2026-06-21 15:38:40 | INFO     | [j3_spectrum_kandala] layout=[8, 9, 10, 11] ideal=+0.9812 43g/6cz depth=25
2026-06-21 15:38:40 | INFO     |   lambda=1.0: genuine=47g/6cz garbage=47g/6cz  [CZ OK]
2026-06-21 15:38:40 | INFO     |   lambda=1.1: genuine=51g/6cz garbage=51g/6cz  [CZ OK]
2026-06-21 15:38:40 | INFO     |   lambda=1.25: genuine=57g/8cz garbage=57g/8cz  [CZ OK]
2026-06-21 15:38:40 | INFO     |   lambda=1.5: genuine=67g/8cz garbage=67g/8cz  [CZ OK]
2026-06-21 15:38:40 | INFO     |   [genuine  rep   1/4] E(1.0)=+0.9570 E(1.1)=+0.9609 E(1.25)=+0.9805 E(1.5)=+0.9805
2026-06-21 15:38:40 | INFO     |   [genuine  rep   2/4] E(1.0)=+0.9922 E(1.1)=+0.9688 E(1.25)=+0.9688 E(1.5)=+0.9805
2026-06-21 15:38:40 | INFO     |   [genuine  rep   3/4] E(1.0)=+0.9727 E(1.1)=+0.9883 E(1.25)=+0.9883 E(1.5)=+0.9766
2026-06-21 15:38:40 | INFO     |   [genuine  rep   4/4] E(1.0)=+0.9766 E(1.1)=+0.9648 E(1.25)=+0.9688 E(1.5)=+0.9922
2026-06-21 15:38:40 | INFO     |   [garbage  rep   1/4] E(1.0)=+0.9453 E(1.1)=+0.0469 E(1.25)=+0.1758 E(1.5)=+0.1094
2026-06-21 15:38:40 | INFO     |   [garbage  rep   2/4] E(1.0)=+0.9688 E(1.1)=+0.1445 E(1.25)=+0.2227 E(1.5)=+0.0625
2026-06-21 15:38:40 | INFO     |   [garbage  rep   3/4] E(1.0)=+0.9727 E(1.1)=+0.0742 E(1.25)=+0.1836 E(1.5)=+0.0547
2026-06-21 15:38:40 | INFO     |   [garbage  rep   4/4] E(1.0)=+0.9883 E(1.1)=+0.0703 E(1.25)=+0.1250 E(1.5)=+0.0586
2026-06-21 15:38:40 | INFO     |   aggregate -> j3_spectrum_kandala_summary.csv: rho_genu=204.857 rho_garb=12997.1512
2026-06-21 15:38:40 | INFO     | [j3_spectrum_fine07] layout=[8, 9, 10, 11] ideal=+0.9812 43g/6cz depth=25
2026-06-21 15:38:40 | INFO     |   lambda=1.0: genuine=47g/6cz garbage=47g/6cz  [CZ OK]
2026-06-21 15:38:40 | INFO     |   lambda=2.0: genuine=89g/12cz garbage=89g/12cz  [CZ OK]
2026-06-21 15:38:40 | INFO     |   lambda=3.0: genuine=133g/18cz garbage=133g/18cz  [CZ OK]
2026-06-21 15:38:40 | INFO     |   [genuine  rep   1/4] E(1.0)=+0.9609 E(2.0)=+0.9609 E(3.0)=+0.9688
2026-06-21 15:38:40 | INFO     |   [genuine  rep   2/4] E(1.0)=+0.9688 E(2.0)=+0.9609 E(3.0)=+0.9766
2026-06-21 15:38:40 | INFO     |   [genuine  rep   3/4] E(1.0)=+0.9727 E(2.0)=+0.9648 E(3.0)=+0.9688
2026-06-21 15:38:40 | INFO     |   [genuine  rep   4/4] E(1.0)=+0.9727 E(2.0)=+0.9648 E(3.0)=+0.9727
2026-06-21 15:38:40 | INFO     |   [garbage  rep   1/4] E(1.0)=+0.9688 E(2.0)=-0.1133 E(3.0)=+0.3516
2026-06-21 15:38:40 | INFO     |   [garbage  rep   2/4] E(1.0)=+0.9961 E(2.0)=-0.0586 E(3.0)=+0.3555
2026-06-21 15:38:40 | INFO     |   [garbage  rep   3/4] E(1.0)=+0.9766 E(2.0)=-0.0508 E(3.0)=+0.3711
2026-06-21 15:38:40 | INFO     |   [garbage  rep   4/4] E(1.0)=+0.9727 E(2.0)=-0.0742 E(3.0)=+0.3203
2026-06-21 15:38:40 | INFO     |   aggregate -> j3_spectrum_fine07_summary.csv: rho_genu=1.6475 rho_garb=943.2394
2026-06-21 15:38:40 | INFO     | [j3_spectrum_fine15] layout=[8, 9, 10, 11] ideal=+0.9812 43g/6cz depth=25
2026-06-21 15:38:40 | INFO     |   lambda=1.0: genuine=47g/6cz garbage=47g/6cz  [CZ OK]
2026-06-21 15:38:40 | INFO     |   lambda=2.0: genuine=89g/12cz garbage=89g/12cz  [CZ OK]
2026-06-21 15:38:40 | INFO     |   lambda=3.0: genuine=133g/18cz garbage=133g/18cz  [CZ OK]
2026-06-21 15:38:40 | INFO     |   lambda=4.0: genuine=175g/24cz garbage=175g/24cz  [CZ OK]
2026-06-21 15:38:40 | INFO     |   [genuine  rep   1/4] E(1.0)=+0.9961 E(2.0)=+0.9766 E(3.0)=+0.9688 E(4.0)=+0.9766
2026-06-21 15:38:40 | INFO     |   [genuine  rep   2/4] E(1.0)=+0.9805 E(2.0)=+0.9766 E(3.0)=+0.9570 E(4.0)=+0.9688
2026-06-21 15:38:40 | INFO     |   [genuine  rep   3/4] E(1.0)=+0.9766 E(2.0)=+0.9609 E(3.0)=+0.9648 E(4.0)=+0.9375
2026-06-21 15:38:40 | INFO     |   [genuine  rep   4/4] E(1.0)=+0.9766 E(2.0)=+0.9688 E(3.0)=+0.9648 E(4.0)=+0.9609
2026-06-21 15:38:40 | INFO     |   [garbage  rep   1/4] E(1.0)=+0.9766 E(2.0)=-0.0586 E(3.0)=+0.3086 E(4.0)=+0.0117
2026-06-21 15:38:40 | INFO     |   [garbage  rep   2/4] E(1.0)=+0.9844 E(2.0)=-0.1484 E(3.0)=+0.3633 E(4.0)=+0.0117
2026-06-21 15:38:40 | INFO     |   [garbage  rep   3/4] E(1.0)=+0.9766 E(2.0)=-0.1055 E(3.0)=+0.3359 E(4.0)=+0.0625
2026-06-21 15:38:40 | INFO     |   [garbage  rep   4/4] E(1.0)=+0.9883 E(2.0)=-0.0781 E(3.0)=+0.3945 E(4.0)=+0.0234
2026-06-21 15:38:40 | INFO     |   aggregate -> j3_spectrum_fine15_summary.csv: rho_genu=-14.3529 rho_garb=-19779.3306
2026-06-21 15:38:41 | INFO     | [j3_spectrum_fine139] layout=[8, 9, 10, 11] ideal=+0.9812 43g/6cz depth=25
2026-06-21 15:38:41 | INFO     |   lambda=1.0: genuine=47g/6cz garbage=47g/6cz  [CZ OK]
2026-06-21 15:38:41 | INFO     |   lambda=1.25: genuine=57g/8cz garbage=57g/8cz  [CZ OK]
2026-06-21 15:38:41 | INFO     |   lambda=1.5: genuine=67g/8cz garbage=67g/8cz  [CZ OK]
2026-06-21 15:38:41 | INFO     |   lambda=2.0: genuine=89g/12cz garbage=89g/12cz  [CZ OK]
2026-06-21 15:38:41 | INFO     |   [genuine  rep   1/4] E(1.0)=+0.9844 E(1.25)=+0.9766 E(1.5)=+0.9688 E(2.0)=+0.9766
2026-06-21 15:38:41 | INFO     |   [genuine  rep   2/4] E(1.0)=+0.9648 E(1.25)=+0.9648 E(1.5)=+0.9766 E(2.0)=+0.9492
2026-06-21 15:38:41 | INFO     |   [genuine  rep   3/4] E(1.0)=+0.9570 E(1.25)=+0.9414 E(1.5)=+0.9648 E(2.0)=+0.9688
2026-06-21 15:38:41 | INFO     |   [genuine  rep   4/4] E(1.0)=+0.9727 E(1.25)=+0.9570 E(1.5)=+0.9844 E(2.0)=+0.9727
2026-06-21 15:38:41 | INFO     |   [garbage  rep   1/4] E(1.0)=+0.9688 E(1.25)=+0.1758 E(1.5)=+0.0156 E(2.0)=-0.0781
2026-06-21 15:38:41 | INFO     |   [garbage  rep   2/4] E(1.0)=+0.9766 E(1.25)=+0.1836 E(1.5)=+0.0195 E(2.0)=-0.1250
2026-06-21 15:38:41 | INFO     |   [garbage  rep   3/4] E(1.0)=+0.9805 E(1.25)=+0.0664 E(1.5)=+0.0234 E(2.0)=-0.1211
2026-06-21 15:38:41 | INFO     |   [garbage  rep   4/4] E(1.0)=+0.9688 E(1.25)=+0.0547 E(1.5)=+0.0039 E(2.0)=-0.1289
2026-06-21 15:38:41 | INFO     |   aggregate -> j3_spectrum_fine139_summary.csv: rho_genu=69.3873 rho_garb=2873.9468
2026-06-21 15:38:41 | INFO     | [j3_spectrum_fine449] layout=[8, 9, 10, 11] ideal=+0.9812 43g/6cz depth=25
2026-06-21 15:38:41 | INFO     |   lambda=1.0: genuine=47g/6cz garbage=47g/6cz  [CZ OK]
2026-06-21 15:38:41 | INFO     |   lambda=1.1: genuine=51g/6cz garbage=51g/6cz  [CZ OK]
2026-06-21 15:38:41 | INFO     |   lambda=1.3: genuine=59g/8cz garbage=59g/8cz  [CZ OK]
2026-06-21 15:38:41 | INFO     |   lambda=1.6: genuine=73g/10cz garbage=73g/10cz  [CZ OK]
2026-06-21 15:38:41 | INFO     |   [genuine  rep   1/4] E(1.0)=+0.9648 E(1.1)=+0.9609 E(1.3)=+0.9609 E(1.6)=+0.9805
2026-06-21 15:38:41 | INFO     |   [genuine  rep   2/4] E(1.0)=+0.9648 E(1.1)=+0.9609 E(1.3)=+0.9805 E(1.6)=+0.9805
2026-06-21 15:38:41 | INFO     |   [genuine  rep   3/4] E(1.0)=+0.9766 E(1.1)=+0.9844 E(1.3)=+0.9766 E(1.6)=+0.9766
2026-06-21 15:38:41 | INFO     |   [genuine  rep   4/4] E(1.0)=+0.9844 E(1.1)=+0.9648 E(1.3)=+0.9766 E(1.6)=+0.9727
2026-06-21 15:38:41 | INFO     |   [garbage  rep   1/4] E(1.0)=+0.9727 E(1.1)=+0.0469 E(1.3)=+0.4922 E(1.6)=-0.0352
2026-06-21 15:38:41 | INFO     |   [garbage  rep   2/4] E(1.0)=+0.9727 E(1.1)=+0.0898 E(1.3)=+0.4570 E(1.6)=+0.0039
2026-06-21 15:38:41 | INFO     |   [garbage  rep   3/4] E(1.0)=+0.9688 E(1.1)=+0.0938 E(1.3)=+0.5039 E(1.6)=-0.0508
2026-06-21 15:38:41 | INFO     |   [garbage  rep   4/4] E(1.0)=+0.9609 E(1.1)=-0.0078 E(1.3)=+0.5391 E(1.6)=+0.0156
2026-06-21 15:38:41 | INFO     |   aggregate -> j3_spectrum_fine449_summary.csv: rho_genu=121.0033 rho_garb=12818.6437
2026-06-21 15:38:41 | INFO     | ✓ DONE  j3_spectrum  (0.0 min)
2026-06-21 15:38:41 | INFO     | ====================================================================
2026-06-21 15:38:41 | INFO     | DAY COMPLETE — 1 done, 0 failed, 0.00 h elapsed
2026-06-21 15:38:41 | INFO     |   manifest: /tmp/eqe_j3_smoke/day_manifest.json
2026-06-21 15:38:41 | INFO     | ====================================================================
2026-06-21 17:23:40 | INFO     | ====================================================================
2026-06-21 17:23:40 | INFO     |   EURO-Q-EXA EXCLUSIVE DAY — master scheduler
2026-06-21 17:23:40 | INFO     |   backend   : LOCAL-SIM
2026-06-21 17:23:40 | INFO     |   outdir    : /tmp/eqe_diss_smoke
2026-06-21 17:23:40 | INFO     |   reps/shots: 4/512
2026-06-21 17:23:40 | INFO     |   queue     : j8_drift_design, j9_allan_probe, j10_overhead_matched, j11_czne_dataset
2026-06-21 17:23:40 | INFO     |   gating    : completion-based (not clock-based)
2026-06-21 17:23:40 | INFO     | ====================================================================
2026-06-21 17:23:40 | INFO     | --------------------------------------------------------------------
2026-06-21 17:23:40 | INFO     | ▶ START j8_drift_design   (elapsed 0.00 h)
2026-06-21 17:23:40 | INFO     | [j8_drift_design] layout=[8, 9, 10, 11] ideal=+0.9812 reps=40 (blocked + interleaved)
2026-06-21 17:23:40 | INFO     |   [blocked A   1/40] E=+0.9844
2026-06-21 17:23:40 | INFO     |   [blocked A   2/40] E=+0.9570
2026-06-21 17:23:40 | INFO     |   [blocked A   3/40] E=+0.9688
2026-06-21 17:23:40 | INFO     |   [blocked A   4/40] E=+0.9727
2026-06-21 17:23:40 | INFO     |   [blocked A   5/40] E=+0.9805
2026-06-21 17:23:40 | INFO     |   [blocked A   6/40] E=+0.9844
2026-06-21 17:23:40 | INFO     |   [blocked A   7/40] E=+0.9727
2026-06-21 17:23:40 | INFO     |   [blocked A   8/40] E=+0.9766
2026-06-21 17:23:40 | INFO     |   [blocked A   9/40] E=+0.9570
2026-06-21 17:23:40 | INFO     |   [blocked A  10/40] E=+0.9570
2026-06-21 17:23:40 | INFO     |   [blocked A  11/40] E=+0.9844
2026-06-21 17:23:40 | INFO     |   [blocked A  12/40] E=+0.9766
2026-06-21 17:23:40 | INFO     |   [blocked A  13/40] E=+0.9688
2026-06-21 17:23:40 | INFO     |   [blocked A  14/40] E=+0.9805
2026-06-21 17:23:40 | INFO     |   [blocked A  15/40] E=+0.9844
2026-06-21 17:23:40 | INFO     |   [blocked A  16/40] E=+0.9805
2026-06-21 17:23:40 | INFO     |   [blocked A  17/40] E=+0.9727
2026-06-21 17:23:40 | INFO     |   [blocked A  18/40] E=+0.9844
2026-06-21 17:23:40 | INFO     |   [blocked A  19/40] E=+0.9648
2026-06-21 17:23:40 | INFO     |   [blocked A  20/40] E=+0.9844
2026-06-21 17:23:40 | INFO     |   [blocked A  21/40] E=+0.9492
2026-06-21 17:23:40 | INFO     |   [blocked A  22/40] E=+0.9805
2026-06-21 17:23:40 | INFO     |   [blocked A  23/40] E=+0.9688
2026-06-21 17:23:40 | INFO     |   [blocked A  24/40] E=+0.9648
2026-06-21 17:23:40 | INFO     |   [blocked A  25/40] E=+0.9844
2026-06-21 17:23:40 | INFO     |   [blocked A  26/40] E=+0.9844
2026-06-21 17:23:40 | INFO     |   [blocked A  27/40] E=+0.9805
2026-06-21 17:23:40 | INFO     |   [blocked A  28/40] E=+0.9844
2026-06-21 17:23:40 | INFO     |   [blocked A  29/40] E=+0.9805
2026-06-21 17:23:40 | INFO     |   [blocked A  30/40] E=+0.9805
2026-06-21 17:23:40 | INFO     |   [blocked A  31/40] E=+0.9648
2026-06-21 17:23:40 | INFO     |   [blocked A  32/40] E=+0.9570
2026-06-21 17:23:40 | INFO     |   [blocked A  33/40] E=+0.9805
2026-06-21 17:23:40 | INFO     |   [blocked A  34/40] E=+0.9766
2026-06-21 17:23:40 | INFO     |   [blocked A  35/40] E=+0.9648
2026-06-21 17:23:40 | INFO     |   [blocked A  36/40] E=+0.9570
2026-06-21 17:23:40 | INFO     |   [blocked A  37/40] E=+0.9805
2026-06-21 17:23:40 | INFO     |   [blocked A  38/40] E=+0.9648
2026-06-21 17:23:40 | INFO     |   [blocked A  39/40] E=+0.9570
2026-06-21 17:23:40 | INFO     |   [blocked A  40/40] E=+0.9883
2026-06-21 17:23:40 | INFO     |   [blocked B   1/40] E=+0.9727
2026-06-21 17:23:40 | INFO     |   [blocked B   2/40] E=+0.9766
2026-06-21 17:23:40 | INFO     |   [blocked B   3/40] E=+0.9727
2026-06-21 17:23:40 | INFO     |   [blocked B   4/40] E=+0.9609
2026-06-21 17:23:40 | INFO     |   [blocked B   5/40] E=+0.9727
2026-06-21 17:23:40 | INFO     |   [blocked B   6/40] E=+0.9805
2026-06-21 17:23:40 | INFO     |   [blocked B   7/40] E=+0.9688
2026-06-21 17:23:40 | INFO     |   [blocked B   8/40] E=+0.9609
2026-06-21 17:23:40 | INFO     |   [blocked B   9/40] E=+0.9766
2026-06-21 17:23:40 | INFO     |   [blocked B  10/40] E=+0.9805
2026-06-21 17:23:40 | INFO     |   [blocked B  11/40] E=+0.9766
2026-06-21 17:23:40 | INFO     |   [blocked B  12/40] E=+0.9688
2026-06-21 17:23:40 | INFO     |   [blocked B  13/40] E=+0.9766
2026-06-21 17:23:40 | INFO     |   [blocked B  14/40] E=+0.9727
2026-06-21 17:23:40 | INFO     |   [blocked B  15/40] E=+0.9727
2026-06-21 17:23:40 | INFO     |   [blocked B  16/40] E=+0.9961
2026-06-21 17:23:40 | INFO     |   [blocked B  17/40] E=+0.9766
2026-06-21 17:23:40 | INFO     |   [blocked B  18/40] E=+0.9766
2026-06-21 17:23:40 | INFO     |   [blocked B  19/40] E=+0.9688
2026-06-21 17:23:40 | INFO     |   [blocked B  20/40] E=+0.9766
2026-06-21 17:23:40 | INFO     |   [blocked B  21/40] E=+0.9727
2026-06-21 17:23:40 | INFO     |   [blocked B  22/40] E=+0.9727
2026-06-21 17:23:40 | INFO     |   [blocked B  23/40] E=+0.9805
2026-06-21 17:23:40 | INFO     |   [blocked B  24/40] E=+0.9805
2026-06-21 17:23:40 | INFO     |   [blocked B  25/40] E=+0.9805
2026-06-21 17:23:40 | INFO     |   [blocked B  26/40] E=+0.9688
2026-06-21 17:23:40 | INFO     |   [blocked B  27/40] E=+0.9688
2026-06-21 17:23:40 | INFO     |   [blocked B  28/40] E=+0.9688
2026-06-21 17:23:40 | INFO     |   [blocked B  29/40] E=+0.9805
2026-06-21 17:23:40 | INFO     |   [blocked B  30/40] E=+0.9805
2026-06-21 17:23:40 | INFO     |   [blocked B  31/40] E=+0.9805
2026-06-21 17:23:40 | INFO     |   [blocked B  32/40] E=+0.9766
2026-06-21 17:23:40 | INFO     |   [blocked B  33/40] E=+0.9766
2026-06-21 17:23:40 | INFO     |   [blocked B  34/40] E=+0.9844
2026-06-21 17:23:40 | INFO     |   [blocked B  35/40] E=+0.9805
2026-06-21 17:23:40 | INFO     |   [blocked B  36/40] E=+0.9883
2026-06-21 17:23:40 | INFO     |   [blocked B  37/40] E=+0.9805
2026-06-21 17:23:40 | INFO     |   [blocked B  38/40] E=+0.9609
2026-06-21 17:23:40 | INFO     |   [blocked B  39/40] E=+0.9766
2026-06-21 17:23:40 | INFO     |   [blocked B  40/40] E=+0.9922
2026-06-21 17:23:40 | INFO     |   [interlv A   1/40] E=+0.9883
2026-06-21 17:23:40 | INFO     |   [interlv B   1/40] E=+0.9805
2026-06-21 17:23:40 | INFO     |   [interlv A   2/40] E=+0.9688
2026-06-21 17:23:40 | INFO     |   [interlv B   2/40] E=+0.9844
2026-06-21 17:23:40 | INFO     |   [interlv A   3/40] E=+0.9688
2026-06-21 17:23:40 | INFO     |   [interlv B   3/40] E=+0.9766
2026-06-21 17:23:40 | INFO     |   [interlv A   4/40] E=+0.9727
2026-06-21 17:23:40 | INFO     |   [interlv B   4/40] E=+0.9766
2026-06-21 17:23:40 | INFO     |   [interlv A   5/40] E=+0.9805
2026-06-21 17:23:40 | INFO     |   [interlv B   5/40] E=+0.9883
2026-06-21 17:23:40 | INFO     |   [interlv A   6/40] E=+0.9727
2026-06-21 17:23:40 | INFO     |   [interlv B   6/40] E=+0.9766
2026-06-21 17:23:40 | INFO     |   [interlv A   7/40] E=+0.9648
2026-06-21 17:23:40 | INFO     |   [interlv B   7/40] E=+0.9766
2026-06-21 17:23:40 | INFO     |   [interlv A   8/40] E=+0.9805
2026-06-21 17:23:40 | INFO     |   [interlv B   8/40] E=+0.9648
2026-06-21 17:23:40 | INFO     |   [interlv A   9/40] E=+0.9805
2026-06-21 17:23:40 | INFO     |   [interlv B   9/40] E=+0.9648
2026-06-21 17:23:40 | INFO     |   [interlv A  10/40] E=+0.9844
2026-06-21 17:23:40 | INFO     |   [interlv B  10/40] E=+0.9648
2026-06-21 17:23:40 | INFO     |   [interlv A  11/40] E=+0.9609
2026-06-21 17:23:40 | INFO     |   [interlv B  11/40] E=+0.9688
2026-06-21 17:23:40 | INFO     |   [interlv A  12/40] E=+0.9531
2026-06-21 17:23:40 | INFO     |   [interlv B  12/40] E=+0.9805
2026-06-21 17:23:40 | INFO     |   [interlv A  13/40] E=+0.9844
2026-06-21 17:23:40 | INFO     |   [interlv B  13/40] E=+1.0000
2026-06-21 17:23:40 | INFO     |   [interlv A  14/40] E=+0.9688
2026-06-21 17:23:40 | INFO     |   [interlv B  14/40] E=+0.9648
2026-06-21 17:23:40 | INFO     |   [interlv A  15/40] E=+0.9844
2026-06-21 17:23:40 | INFO     |   [interlv B  15/40] E=+0.9844
2026-06-21 17:23:40 | INFO     |   [interlv A  16/40] E=+0.9688
2026-06-21 17:23:40 | INFO     |   [interlv B  16/40] E=+0.9766
2026-06-21 17:23:40 | INFO     |   [interlv A  17/40] E=+0.9766
2026-06-21 17:23:40 | INFO     |   [interlv B  17/40] E=+0.9844
2026-06-21 17:23:40 | INFO     |   [interlv A  18/40] E=+0.9766
2026-06-21 17:23:40 | INFO     |   [interlv B  18/40] E=+0.9883
2026-06-21 17:23:40 | INFO     |   [interlv A  19/40] E=+0.9844
2026-06-21 17:23:40 | INFO     |   [interlv B  19/40] E=+0.9688
2026-06-21 17:23:40 | INFO     |   [interlv A  20/40] E=+0.9766
2026-06-21 17:23:40 | INFO     |   [interlv B  20/40] E=+0.9727
2026-06-21 17:23:41 | INFO     |   [interlv A  21/40] E=+0.9648
2026-06-21 17:23:41 | INFO     |   [interlv B  21/40] E=+0.9844
2026-06-21 17:23:41 | INFO     |   [interlv A  22/40] E=+0.9648
2026-06-21 17:23:41 | INFO     |   [interlv B  22/40] E=+0.9531
2026-06-21 17:23:41 | INFO     |   [interlv A  23/40] E=+0.9805
2026-06-21 17:23:41 | INFO     |   [interlv B  23/40] E=+0.9844
2026-06-21 17:23:41 | INFO     |   [interlv A  24/40] E=+0.9727
2026-06-21 17:23:41 | INFO     |   [interlv B  24/40] E=+0.9609
2026-06-21 17:23:41 | INFO     |   [interlv A  25/40] E=+0.9609
2026-06-21 17:23:41 | INFO     |   [interlv B  25/40] E=+0.9688
2026-06-21 17:23:41 | INFO     |   [interlv A  26/40] E=+0.9844
2026-06-21 17:23:41 | INFO     |   [interlv B  26/40] E=+0.9531
2026-06-21 17:23:41 | INFO     |   [interlv A  27/40] E=+0.9727
2026-06-21 17:23:41 | INFO     |   [interlv B  27/40] E=+0.9805
2026-06-21 17:23:41 | INFO     |   [interlv A  28/40] E=+0.9805
2026-06-21 17:23:41 | INFO     |   [interlv B  28/40] E=+0.9766
2026-06-21 17:23:41 | INFO     |   [interlv A  29/40] E=+0.9727
2026-06-21 17:23:41 | INFO     |   [interlv B  29/40] E=+0.9688
2026-06-21 17:23:41 | INFO     |   [interlv A  30/40] E=+0.9766
2026-06-21 17:23:41 | INFO     |   [interlv B  30/40] E=+0.9805
2026-06-21 17:23:41 | INFO     |   [interlv A  31/40] E=+0.9648
2026-06-21 17:23:41 | INFO     |   [interlv B  31/40] E=+0.9922
2026-06-21 17:23:41 | INFO     |   [interlv A  32/40] E=+0.9844
2026-06-21 17:23:41 | INFO     |   [interlv B  32/40] E=+0.9727
2026-06-21 17:23:41 | INFO     |   [interlv A  33/40] E=+0.9805
2026-06-21 17:23:41 | INFO     |   [interlv B  33/40] E=+0.9766
2026-06-21 17:23:41 | INFO     |   [interlv A  34/40] E=+0.9727
2026-06-21 17:23:41 | INFO     |   [interlv B  34/40] E=+0.9805
2026-06-21 17:23:41 | INFO     |   [interlv A  35/40] E=+0.9844
2026-06-21 17:23:41 | INFO     |   [interlv B  35/40] E=+0.9688
2026-06-21 17:23:41 | INFO     |   [interlv A  36/40] E=+0.9648
2026-06-21 17:23:41 | INFO     |   [interlv B  36/40] E=+0.9688
2026-06-21 17:23:41 | INFO     |   [interlv A  37/40] E=+0.9766
2026-06-21 17:23:41 | INFO     |   [interlv B  37/40] E=+0.9688
2026-06-21 17:23:41 | INFO     |   [interlv A  38/40] E=+0.9727
2026-06-21 17:23:41 | INFO     |   [interlv B  38/40] E=+0.9805
2026-06-21 17:23:41 | INFO     |   [interlv A  39/40] E=+0.9766
2026-06-21 17:23:41 | INFO     |   [interlv B  39/40] E=+0.9766
2026-06-21 17:23:41 | INFO     |   [interlv A  40/40] E=+0.9805
2026-06-21 17:23:41 | INFO     |   [interlv B  40/40] E=+0.9688
2026-06-21 17:23:41 | INFO     |   drift bias: blocked blockbias=-0.00234 vs interleaved -0.00059
2026-06-21 17:23:41 | INFO     | ✓ DONE  j8_drift_design  (0.0 min)
2026-06-21 17:23:41 | INFO     | --------------------------------------------------------------------
2026-06-21 17:23:41 | INFO     | ▶ START j9_allan_probe   (elapsed 0.00 h)
2026-06-21 17:23:41 | INFO     | [j9_allan_probe] layout=[8, 9, 10, 11] ideal=+0.9812 samples=150 shots=512
2026-06-21 17:23:41 | INFO     |   [probe  20/150] E=+0.9727
2026-06-21 17:23:41 | INFO     |   [probe  40/150] E=+0.9766
2026-06-21 17:23:41 | INFO     |   [probe  60/150] E=+0.9688
2026-06-21 17:23:41 | INFO     |   [probe  80/150] E=+0.9766
2026-06-21 17:23:41 | INFO     |   [probe 100/150] E=+0.9844
2026-06-21 17:23:42 | INFO     |   [probe 120/150] E=+0.9805
2026-06-21 17:23:42 | INFO     |   [probe 140/150] E=+0.9844
2026-06-21 17:23:42 | INFO     |   Allan: std=0.00952 autocorr_lag1=-0.0657 allan_dev={'1': 0.009809, '2': 0.005837, '4': 0.0047, '8': 0.003558, '16': 0.002141, '32': 0.001255}
2026-06-21 17:23:42 | INFO     | ✓ DONE  j9_allan_probe  (0.0 min)
2026-06-21 17:23:42 | INFO     | --------------------------------------------------------------------
2026-06-21 17:23:42 | INFO     | ▶ START j10_overhead_matched   (elapsed 0.00 h)
2026-06-21 17:23:42 | INFO     | [j10_overhead_matched] layout=[8, 9, 10, 11] ideal=+0.9812 reps=40 per_point=512 total_budget=1536
2026-06-21 17:23:42 | INFO     |   [zne        1/40] E_mit=+0.9668
2026-06-21 17:23:42 | INFO     |   [baseline   1/40] E_raw=+0.9805
2026-06-21 17:23:42 | INFO     |   [zne        2/40] E_mit=+1.0386
2026-06-21 17:23:42 | INFO     |   [baseline   2/40] E_raw=+0.9727
2026-06-21 17:23:42 | INFO     |   [zne        3/40] E_mit=+0.9868
2026-06-21 17:23:42 | INFO     |   [baseline   3/40] E_raw=+0.9805
2026-06-21 17:23:42 | INFO     |   [zne        4/40] E_mit=+0.9731
2026-06-21 17:23:42 | INFO     |   [baseline   4/40] E_raw=+0.9714
2026-06-21 17:23:42 | INFO     |   [zne        5/40] E_mit=+0.9619
2026-06-21 17:23:42 | INFO     |   [baseline   5/40] E_raw=+0.9753
2026-06-21 17:23:42 | INFO     |   [zne        6/40] E_mit=+0.9819
2026-06-21 17:23:42 | INFO     |   [baseline   6/40] E_raw=+0.9714
2026-06-21 17:23:42 | INFO     |   [zne        7/40] E_mit=+0.9897
2026-06-21 17:23:42 | INFO     |   [baseline   7/40] E_raw=+0.9714
2026-06-21 17:23:42 | INFO     |   [zne        8/40] E_mit=+0.9644
2026-06-21 17:23:43 | INFO     |   [baseline   8/40] E_raw=+0.9792
2026-06-21 17:23:43 | INFO     |   [zne        9/40] E_mit=+1.0044
2026-06-21 17:23:43 | INFO     |   [baseline   9/40] E_raw=+0.9701
2026-06-21 17:23:43 | INFO     |   [zne       10/40] E_mit=+0.9624
2026-06-21 17:23:43 | INFO     |   [baseline  10/40] E_raw=+0.9831
2026-06-21 17:23:43 | INFO     |   [zne       11/40] E_mit=+0.9722
2026-06-21 17:23:43 | INFO     |   [baseline  11/40] E_raw=+0.9701
2026-06-21 17:23:43 | INFO     |   [zne       12/40] E_mit=+0.9829
2026-06-21 17:23:43 | INFO     |   [baseline  12/40] E_raw=+0.9779
2026-06-21 17:23:43 | INFO     |   [zne       13/40] E_mit=+0.9893
2026-06-21 17:23:43 | INFO     |   [baseline  13/40] E_raw=+0.9753
2026-06-21 17:23:43 | INFO     |   [zne       14/40] E_mit=+1.0044
2026-06-21 17:23:43 | INFO     |   [baseline  14/40] E_raw=+0.9831
2026-06-21 17:23:43 | INFO     |   [zne       15/40] E_mit=+0.9375
2026-06-21 17:23:43 | INFO     |   [baseline  15/40] E_raw=+0.9727
2026-06-21 17:23:43 | INFO     |   [zne       16/40] E_mit=+0.9844
2026-06-21 17:23:43 | INFO     |   [baseline  16/40] E_raw=+0.9766
2026-06-21 17:23:43 | INFO     |   [zne       17/40] E_mit=+1.0029
2026-06-21 17:23:43 | INFO     |   [baseline  17/40] E_raw=+0.9753
2026-06-21 17:23:43 | INFO     |   [zne       18/40] E_mit=+0.9644
2026-06-21 17:23:43 | INFO     |   [baseline  18/40] E_raw=+0.9714
2026-06-21 17:23:43 | INFO     |   [zne       19/40] E_mit=+0.9893
2026-06-21 17:23:43 | INFO     |   [baseline  19/40] E_raw=+0.9779
2026-06-21 17:23:43 | INFO     |   [zne       20/40] E_mit=+0.9951
2026-06-21 17:23:43 | INFO     |   [baseline  20/40] E_raw=+0.9740
2026-06-21 17:23:43 | INFO     |   [zne       21/40] E_mit=+1.0254
2026-06-21 17:23:43 | INFO     |   [baseline  21/40] E_raw=+0.9661
2026-06-21 17:23:43 | INFO     |   [zne       22/40] E_mit=+0.9712
2026-06-21 17:23:43 | INFO     |   [baseline  22/40] E_raw=+0.9779
2026-06-21 17:23:44 | INFO     |   [zne       23/40] E_mit=+0.9785
2026-06-21 17:23:44 | INFO     |   [baseline  23/40] E_raw=+0.9688
2026-06-21 17:23:44 | INFO     |   [zne       24/40] E_mit=+0.9790
2026-06-21 17:23:44 | INFO     |   [baseline  24/40] E_raw=+0.9831
2026-06-21 17:23:44 | INFO     |   [zne       25/40] E_mit=+0.9907
2026-06-21 17:23:44 | INFO     |   [baseline  25/40] E_raw=+0.9688
2026-06-21 17:23:44 | INFO     |   [zne       26/40] E_mit=+0.9668
2026-06-21 17:23:44 | INFO     |   [baseline  26/40] E_raw=+0.9857
2026-06-21 17:23:44 | INFO     |   [zne       27/40] E_mit=+0.9912
2026-06-21 17:23:44 | INFO     |   [baseline  27/40] E_raw=+0.9805
2026-06-21 17:23:44 | INFO     |   [zne       28/40] E_mit=+0.9722
2026-06-21 17:23:44 | INFO     |   [baseline  28/40] E_raw=+0.9779
2026-06-21 17:23:44 | INFO     |   [zne       29/40] E_mit=+1.0093
2026-06-21 17:23:44 | INFO     |   [baseline  29/40] E_raw=+0.9622
2026-06-21 17:23:44 | INFO     |   [zne       30/40] E_mit=+1.0303
2026-06-21 17:23:44 | INFO     |   [baseline  30/40] E_raw=+0.9844
2026-06-21 17:23:44 | INFO     |   [zne       31/40] E_mit=+0.9766
2026-06-21 17:23:44 | INFO     |   [baseline  31/40] E_raw=+0.9753
2026-06-21 17:23:44 | INFO     |   [zne       32/40] E_mit=+0.9692
2026-06-21 17:23:44 | INFO     |   [baseline  32/40] E_raw=+0.9779
2026-06-21 17:23:44 | INFO     |   [zne       33/40] E_mit=+0.9580
2026-06-21 17:23:44 | INFO     |   [baseline  33/40] E_raw=+0.9688
2026-06-21 17:23:44 | INFO     |   [zne       34/40] E_mit=+1.0146
2026-06-21 17:23:44 | INFO     |   [baseline  34/40] E_raw=+0.9714
2026-06-21 17:23:44 | INFO     |   [zne       35/40] E_mit=+0.9595
2026-06-21 17:23:44 | INFO     |   [baseline  35/40] E_raw=+0.9753
2026-06-21 17:23:44 | INFO     |   [zne       36/40] E_mit=+1.0078
2026-06-21 17:23:44 | INFO     |   [baseline  36/40] E_raw=+0.9714
2026-06-21 17:23:44 | INFO     |   [zne       37/40] E_mit=+0.9966
2026-06-21 17:23:45 | INFO     |   [baseline  37/40] E_raw=+0.9727
2026-06-21 17:23:45 | INFO     |   [zne       38/40] E_mit=+0.9487
2026-06-21 17:23:45 | INFO     |   [baseline  38/40] E_raw=+0.9674
2026-06-21 17:23:45 | INFO     |   [zne       39/40] E_mit=+0.9780
2026-06-21 17:23:45 | INFO     |   [baseline  39/40] E_raw=+0.9792
2026-06-21 17:23:45 | INFO     |   [zne       40/40] E_mit=+0.9482
2026-06-21 17:23:45 | INFO     |   [baseline  40/40] E_raw=+0.9753
2026-06-21 17:23:45 | INFO     |   overhead-matched MSE: zne=0.000512 baseline=6.8e-05 zne_wins=False
2026-06-21 17:23:45 | INFO     | ✓ DONE  j10_overhead_matched  (0.0 min)
2026-06-21 17:23:45 | INFO     | --------------------------------------------------------------------
2026-06-21 17:23:45 | INFO     | ▶ START j11_czne_dataset   (elapsed 0.00 h)
2026-06-21 17:23:45 | INFO     | [j11_czne_dataset] regime=retained cfg={'rx': 0.05, 'rz': 0.05, 'steps': 1}
2026-06-21 17:23:45 | INFO     | [j11_czne_retained] layout=[8, 9, 10, 11] ideal=+0.9950 43g/6cz depth=25
2026-06-21 17:23:45 | INFO     |   lambda=1.0: genuine=47g/6cz garbage=47g/6cz identity=47g/6cz  [CZ OK]
2026-06-21 17:23:45 | INFO     |   lambda=3.0: genuine=133g/18cz garbage=133g/18cz identity=133g/18cz  [CZ OK]
2026-06-21 17:23:45 | INFO     |   lambda=5.0: genuine=219g/30cz garbage=219g/30cz identity=219g/30cz  [CZ OK]
2026-06-21 17:23:45 | INFO     |   [genuine  rep   1/15] E(1.0)=+0.9883 E(3.0)=+0.9883 E(5.0)=+0.9609
2026-06-21 17:23:45 | INFO     |   [genuine  rep   2/15] E(1.0)=+0.9922 E(3.0)=+0.9844 E(5.0)=+0.9648
2026-06-21 17:23:45 | INFO     |   [genuine  rep   3/15] E(1.0)=+0.9922 E(3.0)=+0.9727 E(5.0)=+0.9766
2026-06-21 17:23:45 | INFO     |   [genuine  rep   4/15] E(1.0)=+0.9883 E(3.0)=+0.9766 E(5.0)=+0.9766
2026-06-21 17:23:45 | INFO     |   [genuine  rep   5/15] E(1.0)=+0.9922 E(3.0)=+0.9766 E(5.0)=+0.9844
2026-06-21 17:23:45 | INFO     |   [genuine  rep   6/15] E(1.0)=+0.9570 E(3.0)=+0.9609 E(5.0)=+0.9688
2026-06-21 17:23:45 | INFO     |   [genuine  rep   7/15] E(1.0)=+0.9961 E(3.0)=+0.9688 E(5.0)=+0.9805
2026-06-21 17:23:45 | INFO     |   [genuine  rep   8/15] E(1.0)=+0.9883 E(3.0)=+0.9805 E(5.0)=+0.9531
2026-06-21 17:23:45 | INFO     |   [genuine  rep   9/15] E(1.0)=+0.9883 E(3.0)=+0.9727 E(5.0)=+0.9492
2026-06-21 17:23:45 | INFO     |   [genuine  rep  10/15] E(1.0)=+0.9961 E(3.0)=+0.9805 E(5.0)=+0.9922
2026-06-21 17:23:45 | INFO     |   [genuine  rep  11/15] E(1.0)=+0.9883 E(3.0)=+0.9766 E(5.0)=+0.9492
2026-06-21 17:23:45 | INFO     |   [genuine  rep  12/15] E(1.0)=+0.9805 E(3.0)=+0.9844 E(5.0)=+0.9688
2026-06-21 17:23:45 | INFO     |   [genuine  rep  13/15] E(1.0)=+0.9961 E(3.0)=+0.9883 E(5.0)=+0.9648
2026-06-21 17:23:45 | INFO     |   [genuine  rep  14/15] E(1.0)=+0.9883 E(3.0)=+0.9531 E(5.0)=+0.9727
2026-06-21 17:23:45 | INFO     |   [genuine  rep  15/15] E(1.0)=+0.9883 E(3.0)=+0.9766 E(5.0)=+0.9727
2026-06-21 17:23:46 | INFO     |   [garbage  rep   1/15] E(1.0)=+0.9961 E(3.0)=+0.3398 E(5.0)=-0.1016
2026-06-21 17:23:46 | INFO     |   [garbage  rep   2/15] E(1.0)=+0.9883 E(3.0)=+0.4336 E(5.0)=-0.2031
2026-06-21 17:23:46 | INFO     |   [garbage  rep   3/15] E(1.0)=+0.9883 E(3.0)=+0.3867 E(5.0)=-0.1758
2026-06-21 17:23:46 | INFO     |   [garbage  rep   4/15] E(1.0)=+0.9805 E(3.0)=+0.3594 E(5.0)=-0.1719
2026-06-21 17:23:46 | INFO     |   [garbage  rep   5/15] E(1.0)=+1.0000 E(3.0)=+0.3320 E(5.0)=-0.1445
2026-06-21 17:23:46 | INFO     |   [garbage  rep   6/15] E(1.0)=+0.9883 E(3.0)=+0.2773 E(5.0)=-0.1094
2026-06-21 17:23:46 | INFO     |   [garbage  rep   7/15] E(1.0)=+0.9883 E(3.0)=+0.3047 E(5.0)=-0.1406
2026-06-21 17:23:46 | INFO     |   [garbage  rep   8/15] E(1.0)=+0.9883 E(3.0)=+0.3125 E(5.0)=-0.2461
2026-06-21 17:23:46 | INFO     |   [garbage  rep   9/15] E(1.0)=+0.9844 E(3.0)=+0.3516 E(5.0)=-0.2070
2026-06-21 17:23:46 | INFO     |   [garbage  rep  10/15] E(1.0)=+0.9922 E(3.0)=+0.4023 E(5.0)=-0.1328
2026-06-21 17:23:46 | INFO     |   [garbage  rep  11/15] E(1.0)=+0.9766 E(3.0)=+0.3867 E(5.0)=-0.0977
2026-06-21 17:23:46 | INFO     |   [garbage  rep  12/15] E(1.0)=+0.9883 E(3.0)=+0.3867 E(5.0)=-0.0625
2026-06-21 17:23:46 | INFO     |   [garbage  rep  13/15] E(1.0)=+0.9805 E(3.0)=+0.3594 E(5.0)=-0.1914
2026-06-21 17:23:46 | INFO     |   [garbage  rep  14/15] E(1.0)=+0.9844 E(3.0)=+0.3320 E(5.0)=-0.1758
2026-06-21 17:23:46 | INFO     |   [garbage  rep  15/15] E(1.0)=+0.9922 E(3.0)=+0.3320 E(5.0)=-0.1328
2026-06-21 17:23:46 | INFO     |   [identity rep   1/15] E(1.0)=+0.9961 E(3.0)=+0.9727 E(5.0)=+0.9648
2026-06-21 17:23:46 | INFO     |   [identity rep   2/15] E(1.0)=+0.9922 E(3.0)=+0.9648 E(5.0)=+0.9805
2026-06-21 17:23:46 | INFO     |   [identity rep   3/15] E(1.0)=+1.0000 E(3.0)=+0.9805 E(5.0)=+0.9688
2026-06-21 17:23:46 | INFO     |   [identity rep   4/15] E(1.0)=+0.9766 E(3.0)=+0.9766 E(5.0)=+0.9805
2026-06-21 17:23:47 | INFO     |   [identity rep   5/15] E(1.0)=+0.9844 E(3.0)=+0.9766 E(5.0)=+0.9609
2026-06-21 17:23:47 | INFO     |   [identity rep   6/15] E(1.0)=+0.9883 E(3.0)=+0.9883 E(5.0)=+0.9609
2026-06-21 17:23:47 | INFO     |   [identity rep   7/15] E(1.0)=+0.9922 E(3.0)=+0.9766 E(5.0)=+0.9844
2026-06-21 17:23:47 | INFO     |   [identity rep   8/15] E(1.0)=+0.9922 E(3.0)=+0.9922 E(5.0)=+0.9609
2026-06-21 17:23:47 | INFO     |   [identity rep   9/15] E(1.0)=+0.9922 E(3.0)=+0.9766 E(5.0)=+0.9648
2026-06-21 17:23:47 | INFO     |   [identity rep  10/15] E(1.0)=+0.9883 E(3.0)=+0.9883 E(5.0)=+0.9609
2026-06-21 17:23:47 | INFO     |   [identity rep  11/15] E(1.0)=+0.9922 E(3.0)=+0.9688 E(5.0)=+0.9648
2026-06-21 17:23:47 | INFO     |   [identity rep  12/15] E(1.0)=+0.9883 E(3.0)=+0.9922 E(5.0)=+0.9414
2026-06-21 17:23:47 | INFO     |   [identity rep  13/15] E(1.0)=+0.9961 E(3.0)=+0.9727 E(5.0)=+0.9766
2026-06-21 17:23:47 | INFO     |   [identity rep  14/15] E(1.0)=+0.9922 E(3.0)=+0.9648 E(5.0)=+0.9688
2026-06-21 17:23:47 | INFO     |   [identity rep  15/15] E(1.0)=+0.9961 E(3.0)=+0.9688 E(5.0)=+0.9727
2026-06-21 17:23:47 | INFO     |   aggregate -> j11_czne_retained_summary.csv: rho_genu=1.1225 rho_garb=50.4248 rho_iden=2.1652
2026-06-21 17:23:47 | INFO     | [j11_czne_dataset] regime=mid cfg={'rx': 0.07, 'rz': 0.09, 'steps': 1}
2026-06-21 17:23:47 | INFO     | [j11_czne_mid] layout=[8, 9, 10, 11] ideal=+0.9902 43g/6cz depth=25
2026-06-21 17:23:47 | INFO     |   lambda=1.0: genuine=47g/6cz garbage=47g/6cz identity=47g/6cz  [CZ OK]
2026-06-21 17:23:47 | INFO     |   lambda=3.0: genuine=133g/18cz garbage=133g/18cz identity=133g/18cz  [CZ OK]
2026-06-21 17:23:47 | INFO     |   lambda=5.0: genuine=219g/30cz garbage=219g/30cz identity=219g/30cz  [CZ OK]
2026-06-21 17:23:47 | INFO     |   [genuine  rep   1/15] E(1.0)=+0.9883 E(3.0)=+0.9609 E(5.0)=+0.9688
2026-06-21 17:23:47 | INFO     |   [genuine  rep   2/15] E(1.0)=+0.9805 E(3.0)=+0.9727 E(5.0)=+0.9648
2026-06-21 17:23:47 | INFO     |   [genuine  rep   3/15] E(1.0)=+0.9766 E(3.0)=+0.9727 E(5.0)=+0.9648
2026-06-21 17:23:47 | INFO     |   [genuine  rep   4/15] E(1.0)=+0.9883 E(3.0)=+0.9727 E(5.0)=+0.9492
2026-06-21 17:23:47 | INFO     |   [genuine  rep   5/15] E(1.0)=+0.9688 E(3.0)=+0.9844 E(5.0)=+0.9492
2026-06-21 17:23:47 | INFO     |   [genuine  rep   6/15] E(1.0)=+0.9883 E(3.0)=+0.9727 E(5.0)=+0.9766
2026-06-21 17:23:47 | INFO     |   [genuine  rep   7/15] E(1.0)=+0.9766 E(3.0)=+0.9766 E(5.0)=+0.9531
2026-06-21 17:23:47 | INFO     |   [genuine  rep   8/15] E(1.0)=+0.9883 E(3.0)=+0.9844 E(5.0)=+0.9531
2026-06-21 17:23:47 | INFO     |   [genuine  rep   9/15] E(1.0)=+0.9844 E(3.0)=+0.9805 E(5.0)=+0.9570
2026-06-21 17:23:47 | INFO     |   [genuine  rep  10/15] E(1.0)=+0.9688 E(3.0)=+0.9648 E(5.0)=+0.9648
2026-06-21 17:23:47 | INFO     |   [genuine  rep  11/15] E(1.0)=+0.9883 E(3.0)=+0.9766 E(5.0)=+0.9609
2026-06-21 17:23:47 | INFO     |   [genuine  rep  12/15] E(1.0)=+0.9844 E(3.0)=+0.9805 E(5.0)=+0.9570
2026-06-21 17:23:47 | INFO     |   [genuine  rep  13/15] E(1.0)=+0.9766 E(3.0)=+0.9805 E(5.0)=+0.9766
2026-06-21 17:23:47 | INFO     |   [genuine  rep  14/15] E(1.0)=+0.9883 E(3.0)=+0.9805 E(5.0)=+0.9766
2026-06-21 17:23:47 | INFO     |   [genuine  rep  15/15] E(1.0)=+0.9883 E(3.0)=+0.9727 E(5.0)=+0.9766
2026-06-21 17:23:47 | INFO     |   [garbage  rep   1/15] E(1.0)=+0.9648 E(3.0)=+0.3359 E(5.0)=-0.2031
2026-06-21 17:23:47 | INFO     |   [garbage  rep   2/15] E(1.0)=+0.9766 E(3.0)=+0.3945 E(5.0)=-0.2266
2026-06-21 17:23:47 | INFO     |   [garbage  rep   3/15] E(1.0)=+0.9727 E(3.0)=+0.3789 E(5.0)=-0.2148
2026-06-21 17:23:47 | INFO     |   [garbage  rep   4/15] E(1.0)=+0.9805 E(3.0)=+0.4141 E(5.0)=-0.1172
2026-06-21 17:23:47 | INFO     |   [garbage  rep   5/15] E(1.0)=+0.9727 E(3.0)=+0.3945 E(5.0)=-0.2188
2026-06-21 17:23:47 | INFO     |   [garbage  rep   6/15] E(1.0)=+0.9961 E(3.0)=+0.3789 E(5.0)=-0.1953
2026-06-21 17:23:48 | INFO     |   [garbage  rep   7/15] E(1.0)=+0.9844 E(3.0)=+0.3555 E(5.0)=-0.2070
2026-06-21 17:23:48 | INFO     |   [garbage  rep   8/15] E(1.0)=+0.9883 E(3.0)=+0.4258 E(5.0)=-0.2188
2026-06-21 17:23:48 | INFO     |   [garbage  rep   9/15] E(1.0)=+0.9766 E(3.0)=+0.3594 E(5.0)=-0.2422
2026-06-21 17:23:48 | INFO     |   [garbage  rep  10/15] E(1.0)=+1.0000 E(3.0)=+0.3906 E(5.0)=-0.2383
2026-06-21 17:23:48 | INFO     |   [garbage  rep  11/15] E(1.0)=+0.9883 E(3.0)=+0.3047 E(5.0)=-0.1797
2026-06-21 17:23:48 | INFO     |   [garbage  rep  12/15] E(1.0)=+0.9883 E(3.0)=+0.3047 E(5.0)=-0.2500
2026-06-21 17:23:48 | INFO     |   [garbage  rep  13/15] E(1.0)=+0.9883 E(3.0)=+0.3242 E(5.0)=-0.2461
2026-06-21 17:23:48 | INFO     |   [garbage  rep  14/15] E(1.0)=+0.9805 E(3.0)=+0.3750 E(5.0)=-0.1484
2026-06-21 17:23:48 | INFO     |   [garbage  rep  15/15] E(1.0)=+0.9961 E(3.0)=+0.3477 E(5.0)=-0.2344
2026-06-21 17:23:48 | INFO     |   [identity rep   1/15] E(1.0)=+0.9844 E(3.0)=+0.9727 E(5.0)=+0.9453
2026-06-21 17:23:48 | INFO     |   [identity rep   2/15] E(1.0)=+0.9883 E(3.0)=+0.9766 E(5.0)=+0.9531
2026-06-21 17:23:48 | INFO     |   [identity rep   3/15] E(1.0)=+0.9883 E(3.0)=+0.9727 E(5.0)=+0.9375
2026-06-21 17:23:48 | INFO     |   [identity rep   4/15] E(1.0)=+0.9961 E(3.0)=+0.9844 E(5.0)=+0.9766
2026-06-21 17:23:48 | INFO     |   [identity rep   5/15] E(1.0)=+0.9922 E(3.0)=+0.9570 E(5.0)=+0.9414
2026-06-21 17:23:48 | INFO     |   [identity rep   6/15] E(1.0)=+0.9883 E(3.0)=+0.9727 E(5.0)=+0.9805
2026-06-21 17:23:48 | INFO     |   [identity rep   7/15] E(1.0)=+0.9805 E(3.0)=+0.9727 E(5.0)=+0.9570
2026-06-21 17:23:48 | INFO     |   [identity rep   8/15] E(1.0)=+0.9805 E(3.0)=+0.9844 E(5.0)=+0.9727
2026-06-21 17:23:48 | INFO     |   [identity rep   9/15] E(1.0)=+0.9844 E(3.0)=+0.9688 E(5.0)=+0.9727
2026-06-21 17:23:48 | INFO     |   [identity rep  10/15] E(1.0)=+0.9727 E(3.0)=+0.9727 E(5.0)=+0.9688
2026-06-21 17:23:49 | INFO     |   [identity rep  11/15] E(1.0)=+0.9844 E(3.0)=+0.9648 E(5.0)=+0.9609
2026-06-21 17:23:49 | INFO     |   [identity rep  12/15] E(1.0)=+0.9844 E(3.0)=+0.9609 E(5.0)=+0.9570
2026-06-21 17:23:49 | INFO     |   [identity rep  13/15] E(1.0)=+0.9844 E(3.0)=+0.9922 E(5.0)=+0.9805
2026-06-21 17:23:49 | INFO     |   [identity rep  14/15] E(1.0)=+0.9805 E(3.0)=+0.9805 E(5.0)=+0.9805
2026-06-21 17:23:49 | INFO     |   [identity rep  15/15] E(1.0)=+0.9883 E(3.0)=+0.9844 E(5.0)=+0.9648
2026-06-21 17:23:49 | INFO     |   aggregate -> j11_czne_mid_summary.csv: rho_genu=0.1679 rho_garb=48.9138 rho_iden=1.0117
2026-06-21 17:23:49 | INFO     | [j11_czne_dataset] regime=destroyed cfg={'rx': 0.097344, 'rz': 0.133849, 'steps': 1}
2026-06-21 17:23:49 | INFO     | [j11_czne_destroyed] layout=[8, 9, 10, 11] ideal=+0.9812 43g/6cz depth=25
2026-06-21 17:23:49 | INFO     |   lambda=1.0: genuine=47g/6cz garbage=47g/6cz identity=47g/6cz  [CZ OK]
2026-06-21 17:23:49 | INFO     |   lambda=3.0: genuine=133g/18cz garbage=133g/18cz identity=133g/18cz  [CZ OK]
2026-06-21 17:23:49 | INFO     |   lambda=5.0: genuine=219g/30cz garbage=219g/30cz identity=219g/30cz  [CZ OK]
2026-06-21 17:23:49 | INFO     |   [genuine  rep   1/15] E(1.0)=+0.9805 E(3.0)=+0.9414 E(5.0)=+0.9531
2026-06-21 17:23:49 | INFO     |   [genuine  rep   2/15] E(1.0)=+0.9844 E(3.0)=+0.9844 E(5.0)=+0.9414
2026-06-21 17:23:49 | INFO     |   [genuine  rep   3/15] E(1.0)=+0.9609 E(3.0)=+0.9609 E(5.0)=+0.9570
2026-06-21 17:23:49 | INFO     |   [genuine  rep   4/15] E(1.0)=+0.9844 E(3.0)=+0.9688 E(5.0)=+0.9570
2026-06-21 17:23:49 | INFO     |   [genuine  rep   5/15] E(1.0)=+0.9727 E(3.0)=+0.9531 E(5.0)=+0.9453
2026-06-21 17:23:49 | INFO     |   [genuine  rep   6/15] E(1.0)=+0.9883 E(3.0)=+0.9570 E(5.0)=+0.9453
2026-06-21 17:23:49 | INFO     |   [genuine  rep   7/15] E(1.0)=+0.9922 E(3.0)=+0.9648 E(5.0)=+0.9648
2026-06-21 17:23:49 | INFO     |   [genuine  rep   8/15] E(1.0)=+0.9727 E(3.0)=+0.9570 E(5.0)=+0.9648
2026-06-21 17:23:49 | INFO     |   [genuine  rep   9/15] E(1.0)=+0.9688 E(3.0)=+0.9609 E(5.0)=+0.9219
2026-06-21 17:23:49 | INFO     |   [genuine  rep  10/15] E(1.0)=+0.9805 E(3.0)=+0.9570 E(5.0)=+0.9570
2026-06-21 17:23:49 | INFO     |   [genuine  rep  11/15] E(1.0)=+0.9844 E(3.0)=+0.9531 E(5.0)=+0.9648
2026-06-21 17:23:49 | INFO     |   [genuine  rep  12/15] E(1.0)=+0.9766 E(3.0)=+0.9492 E(5.0)=+0.9688
2026-06-21 17:23:49 | INFO     |   [genuine  rep  13/15] E(1.0)=+0.9805 E(3.0)=+0.9688 E(5.0)=+0.9453
2026-06-21 17:23:49 | INFO     |   [genuine  rep  14/15] E(1.0)=+0.9688 E(3.0)=+0.9453 E(5.0)=+0.9453
2026-06-21 17:23:49 | INFO     |   [genuine  rep  15/15] E(1.0)=+0.9844 E(3.0)=+0.9648 E(5.0)=+0.9336
2026-06-21 17:23:49 | INFO     |   [garbage  rep   1/15] E(1.0)=+0.9648 E(3.0)=+0.3594 E(5.0)=-0.2656
2026-06-21 17:23:49 | INFO     |   [garbage  rep   2/15] E(1.0)=+0.9766 E(3.0)=+0.3594 E(5.0)=-0.2031
2026-06-21 17:23:49 | INFO     |   [garbage  rep   3/15] E(1.0)=+0.9805 E(3.0)=+0.3242 E(5.0)=-0.2031
2026-06-21 17:23:49 | INFO     |   [garbage  rep   4/15] E(1.0)=+0.9883 E(3.0)=+0.3086 E(5.0)=-0.1289
2026-06-21 17:23:49 | INFO     |   [garbage  rep   5/15] E(1.0)=+0.9609 E(3.0)=+0.2578 E(5.0)=-0.2305
2026-06-21 17:23:49 | INFO     |   [garbage  rep   6/15] E(1.0)=+0.9805 E(3.0)=+0.3711 E(5.0)=-0.2188
2026-06-21 17:23:49 | INFO     |   [garbage  rep   7/15] E(1.0)=+0.9648 E(3.0)=+0.3086 E(5.0)=-0.2188
2026-06-21 17:23:49 | INFO     |   [garbage  rep   8/15] E(1.0)=+0.9688 E(3.0)=+0.3828 E(5.0)=-0.2148
2026-06-21 17:23:49 | INFO     |   [garbage  rep   9/15] E(1.0)=+0.9805 E(3.0)=+0.3750 E(5.0)=-0.2070
2026-06-21 17:23:49 | INFO     |   [garbage  rep  10/15] E(1.0)=+0.9805 E(3.0)=+0.3359 E(5.0)=-0.2109
2026-06-21 17:23:49 | INFO     |   [garbage  rep  11/15] E(1.0)=+0.9844 E(3.0)=+0.3672 E(5.0)=-0.2344
2026-06-21 17:23:49 | INFO     |   [garbage  rep  12/15] E(1.0)=+0.9688 E(3.0)=+0.3828 E(5.0)=-0.2148
2026-06-21 17:23:50 | INFO     |   [garbage  rep  13/15] E(1.0)=+0.9688 E(3.0)=+0.2812 E(5.0)=-0.2305
2026-06-21 17:23:50 | INFO     |   [garbage  rep  14/15] E(1.0)=+0.9648 E(3.0)=+0.3750 E(5.0)=-0.0820
2026-06-21 17:23:50 | INFO     |   [garbage  rep  15/15] E(1.0)=+0.9766 E(3.0)=+0.3281 E(5.0)=-0.2773
2026-06-21 17:23:50 | INFO     |   [identity rep   1/15] E(1.0)=+0.9688 E(3.0)=+0.9648 E(5.0)=+0.9609
2026-06-21 17:23:50 | INFO     |   [identity rep   2/15] E(1.0)=+0.9727 E(3.0)=+0.9609 E(5.0)=+0.9531
2026-06-21 17:23:50 | INFO     |   [identity rep   3/15] E(1.0)=+0.9609 E(3.0)=+0.9688 E(5.0)=+0.9102
2026-06-21 17:23:50 | INFO     |   [identity rep   4/15] E(1.0)=+0.9727 E(3.0)=+0.9609 E(5.0)=+0.9453
2026-06-21 17:23:50 | INFO     |   [identity rep   5/15] E(1.0)=+0.9492 E(3.0)=+0.9492 E(5.0)=+0.9570
2026-06-21 17:23:50 | INFO     |   [identity rep   6/15] E(1.0)=+0.9844 E(3.0)=+0.9688 E(5.0)=+0.9609
2026-06-21 17:23:50 | INFO     |   [identity rep   7/15] E(1.0)=+0.9805 E(3.0)=+0.9805 E(5.0)=+0.9805
2026-06-21 17:23:50 | INFO     |   [identity rep   8/15] E(1.0)=+0.9648 E(3.0)=+0.9688 E(5.0)=+0.9375
2026-06-21 17:23:50 | INFO     |   [identity rep   9/15] E(1.0)=+0.9727 E(3.0)=+0.9766 E(5.0)=+0.9258
2026-06-21 17:23:50 | INFO     |   [identity rep  10/15] E(1.0)=+0.9766 E(3.0)=+0.9609 E(5.0)=+0.9688
2026-06-21 17:23:50 | INFO     |   [identity rep  11/15] E(1.0)=+0.9766 E(3.0)=+0.9570 E(5.0)=+0.9609
2026-06-21 17:23:50 | INFO     |   [identity rep  12/15] E(1.0)=+0.9688 E(3.0)=+0.9570 E(5.0)=+0.9570
2026-06-21 17:23:50 | INFO     |   [identity rep  13/15] E(1.0)=+0.9844 E(3.0)=+0.9453 E(5.0)=+0.9648
2026-06-21 17:23:50 | INFO     |   [identity rep  14/15] E(1.0)=+0.9727 E(3.0)=+0.9766 E(5.0)=+0.9688
2026-06-21 17:23:50 | INFO     |   [identity rep  15/15] E(1.0)=+0.9844 E(3.0)=+0.9219 E(5.0)=+0.9648
2026-06-21 17:23:50 | INFO     |   aggregate -> j11_czne_destroyed_summary.csv: rho_genu=5.5122 rho_garb=47.9741 rho_iden=0.8766
2026-06-21 17:23:50 | INFO     | ✓ DONE  j11_czne_dataset  (0.1 min)
2026-06-21 17:23:50 | INFO     | ====================================================================
2026-06-21 17:23:50 | INFO     | DAY COMPLETE — 4 done, 0 failed, 0.00 h elapsed
2026-06-21 17:23:50 | INFO     |   manifest: /tmp/eqe_diss_smoke/day_manifest.json
2026-06-21 17:23:50 | INFO     | ====================================================================
2026-06-21 19:26:00 | INFO     | ====================================================================
2026-06-21 19:26:00 | INFO     |   EURO-Q-EXA EXCLUSIVE DAY — master scheduler
2026-06-21 19:26:00 | INFO     |   backend   : LOCAL-SIM
2026-06-21 19:26:00 | INFO     |   outdir    : /tmp/eqe_long_smoke
2026-06-21 19:26:00 | INFO     |   reps/shots: 4/512
2026-06-21 19:26:00 | INFO     |   queue     : j12_drift_design_long, j13_allan_probe_long, j14_czne_dataset_big
2026-06-21 19:26:00 | INFO     |   gating    : completion-based (not clock-based)
2026-06-21 19:26:00 | INFO     | ====================================================================
2026-06-21 19:26:00 | INFO     | --------------------------------------------------------------------
2026-06-21 19:26:00 | INFO     | ▶ START j12_drift_design_long   (elapsed 0.00 h)
2026-06-21 19:26:00 | INFO     | [j12_drift_design_long] layout=[8, 9, 10, 11] ideal=+0.9812 reps=60 delay=6s (blocked + interleaved)
2026-06-21 19:26:00 | INFO     |   [blocked A   1/60] E=+0.9766
2026-06-21 19:26:00 | INFO     |   [blocked A   2/60] E=+0.9648
2026-06-21 19:26:00 | INFO     |   [blocked A   3/60] E=+0.9766
2026-06-21 19:26:00 | INFO     |   [blocked A   4/60] E=+0.9766
2026-06-21 19:26:00 | INFO     |   [blocked A   5/60] E=+0.9570
2026-06-21 19:26:00 | INFO     |   [blocked A   6/60] E=+0.9844
2026-06-21 19:26:00 | INFO     |   [blocked A   7/60] E=+0.9688
2026-06-21 19:26:01 | INFO     |   [blocked A   8/60] E=+0.9922
2026-06-21 19:26:01 | INFO     |   [blocked A   9/60] E=+0.9648
2026-06-21 19:26:01 | INFO     |   [blocked A  10/60] E=+0.9805
2026-06-21 19:26:01 | INFO     |   [blocked A  11/60] E=+0.9570
2026-06-21 19:26:01 | INFO     |   [blocked A  12/60] E=+0.9766
2026-06-21 19:26:01 | INFO     |   [blocked A  13/60] E=+0.9727
2026-06-21 19:26:01 | INFO     |   [blocked A  14/60] E=+0.9727
2026-06-21 19:26:01 | INFO     |   [blocked A  15/60] E=+0.9688
2026-06-21 19:26:01 | INFO     |   [blocked A  16/60] E=+0.9727
2026-06-21 19:26:01 | INFO     |   [blocked A  17/60] E=+0.9844
2026-06-21 19:26:01 | INFO     |   [blocked A  18/60] E=+0.9805
2026-06-21 19:26:01 | INFO     |   [blocked A  19/60] E=+0.9883
2026-06-21 19:26:01 | INFO     |   [blocked A  20/60] E=+0.9648
2026-06-21 19:26:01 | INFO     |   [blocked A  21/60] E=+0.9922
2026-06-21 19:26:01 | INFO     |   [blocked A  22/60] E=+0.9922
2026-06-21 19:26:01 | INFO     |   [blocked A  23/60] E=+0.9844
2026-06-21 19:26:01 | INFO     |   [blocked A  24/60] E=+0.9805
2026-06-21 19:26:01 | INFO     |   [blocked A  25/60] E=+0.9531
2026-06-21 19:26:01 | INFO     |   [blocked A  26/60] E=+0.9688
2026-06-21 19:26:01 | INFO     |   [blocked A  27/60] E=+0.9766
2026-06-21 19:26:01 | INFO     |   [blocked A  28/60] E=+0.9844
2026-06-21 19:26:01 | INFO     |   [blocked A  29/60] E=+0.9766
2026-06-21 19:26:01 | INFO     |   [blocked A  30/60] E=+0.9766
2026-06-21 19:26:01 | INFO     |   [blocked A  31/60] E=+0.9805
2026-06-21 19:26:01 | INFO     |   [blocked A  32/60] E=+0.9727
2026-06-21 19:26:01 | INFO     |   [blocked A  33/60] E=+0.9844
2026-06-21 19:26:01 | INFO     |   [blocked A  34/60] E=+0.9688
2026-06-21 19:26:01 | INFO     |   [blocked A  35/60] E=+0.9648
2026-06-21 19:26:01 | INFO     |   [blocked A  36/60] E=+0.9883
2026-06-21 19:26:01 | INFO     |   [blocked A  37/60] E=+0.9883
2026-06-21 19:26:01 | INFO     |   [blocked A  38/60] E=+0.9648
2026-06-21 19:26:01 | INFO     |   [blocked A  39/60] E=+0.9688
2026-06-21 19:26:01 | INFO     |   [blocked A  40/60] E=+0.9727
2026-06-21 19:26:01 | INFO     |   [blocked A  41/60] E=+0.9688
2026-06-21 19:26:01 | INFO     |   [blocked A  42/60] E=+0.9766
2026-06-21 19:26:01 | INFO     |   [blocked A  43/60] E=+0.9766
2026-06-21 19:26:01 | INFO     |   [blocked A  44/60] E=+0.9727
2026-06-21 19:26:01 | INFO     |   [blocked A  45/60] E=+0.9688
2026-06-21 19:26:01 | INFO     |   [blocked A  46/60] E=+0.9648
2026-06-21 19:26:01 | INFO     |   [blocked A  47/60] E=+0.9844
2026-06-21 19:26:01 | INFO     |   [blocked A  48/60] E=+0.9688
2026-06-21 19:26:01 | INFO     |   [blocked A  49/60] E=+0.9883
2026-06-21 19:26:01 | INFO     |   [blocked A  50/60] E=+0.9688
2026-06-21 19:26:01 | INFO     |   [blocked A  51/60] E=+0.9688
2026-06-21 19:26:01 | INFO     |   [blocked A  52/60] E=+0.9648
2026-06-21 19:26:01 | INFO     |   [blocked A  53/60] E=+0.9883
2026-06-21 19:26:01 | INFO     |   [blocked A  54/60] E=+0.9492
2026-06-21 19:26:01 | INFO     |   [blocked A  55/60] E=+0.9727
2026-06-21 19:26:01 | INFO     |   [blocked A  56/60] E=+0.9844
2026-06-21 19:26:01 | INFO     |   [blocked A  57/60] E=+0.9648
2026-06-21 19:26:01 | INFO     |   [blocked A  58/60] E=+0.9688
2026-06-21 19:26:01 | INFO     |   [blocked A  59/60] E=+0.9766
2026-06-21 19:26:01 | INFO     |   [blocked A  60/60] E=+0.9766
2026-06-21 19:26:01 | INFO     |   [blocked B   1/60] E=+0.9805
2026-06-21 19:26:01 | INFO     |   [blocked B   2/60] E=+0.9805
2026-06-21 19:26:02 | INFO     |   [blocked B   3/60] E=+0.9766
2026-06-21 19:26:02 | INFO     |   [blocked B   4/60] E=+0.9727
2026-06-21 19:26:02 | INFO     |   [blocked B   5/60] E=+0.9844
2026-06-21 19:26:02 | INFO     |   [blocked B   6/60] E=+0.9648
2026-06-21 19:26:02 | INFO     |   [blocked B   7/60] E=+0.9805
2026-06-21 19:26:02 | INFO     |   [blocked B   8/60] E=+0.9844
2026-06-21 19:26:02 | INFO     |   [blocked B   9/60] E=+0.9609
2026-06-21 19:26:02 | INFO     |   [blocked B  10/60] E=+0.9492
2026-06-21 19:26:02 | INFO     |   [blocked B  11/60] E=+0.9648
2026-06-21 19:26:02 | INFO     |   [blocked B  12/60] E=+0.9805
2026-06-21 19:26:02 | INFO     |   [blocked B  13/60] E=+0.9609
2026-06-21 19:26:02 | INFO     |   [blocked B  14/60] E=+0.9766
2026-06-21 19:26:02 | INFO     |   [blocked B  15/60] E=+0.9766
2026-06-21 19:26:02 | INFO     |   [blocked B  16/60] E=+0.9805
2026-06-21 19:26:02 | INFO     |   [blocked B  17/60] E=+0.9688
2026-06-21 19:26:02 | INFO     |   [blocked B  18/60] E=+0.9766
2026-06-21 19:26:02 | INFO     |   [blocked B  19/60] E=+0.9688
2026-06-21 19:26:02 | INFO     |   [blocked B  20/60] E=+0.9922
2026-06-21 19:26:02 | INFO     |   [blocked B  21/60] E=+0.9922
2026-06-21 19:26:02 | INFO     |   [blocked B  22/60] E=+0.9805
2026-06-21 19:26:02 | INFO     |   [blocked B  23/60] E=+0.9766
2026-06-21 19:26:02 | INFO     |   [blocked B  24/60] E=+0.9844
2026-06-21 19:26:02 | INFO     |   [blocked B  25/60] E=+0.9805
2026-06-21 19:26:02 | INFO     |   [blocked B  26/60] E=+0.9766
2026-06-21 19:26:02 | INFO     |   [blocked B  27/60] E=+0.9648
2026-06-21 19:26:02 | INFO     |   [blocked B  28/60] E=+0.9805
2026-06-21 19:26:02 | INFO     |   [blocked B  29/60] E=+0.9805
2026-06-21 19:26:02 | INFO     |   [blocked B  30/60] E=+0.9805
2026-06-21 19:26:02 | INFO     |   [blocked B  31/60] E=+0.9844
2026-06-21 19:26:02 | INFO     |   [blocked B  32/60] E=+0.9766
2026-06-21 19:26:02 | INFO     |   [blocked B  33/60] E=+0.9766
2026-06-21 19:26:02 | INFO     |   [blocked B  34/60] E=+0.9844
2026-06-21 19:26:02 | INFO     |   [blocked B  35/60] E=+0.9766
2026-06-21 19:26:02 | INFO     |   [blocked B  36/60] E=+0.9688
2026-06-21 19:26:02 | INFO     |   [blocked B  37/60] E=+0.9727
2026-06-21 19:26:02 | INFO     |   [blocked B  38/60] E=+0.9844
2026-06-21 19:26:02 | INFO     |   [blocked B  39/60] E=+0.9766
2026-06-21 19:26:02 | INFO     |   [blocked B  40/60] E=+0.9844
2026-06-21 19:26:02 | INFO     |   [blocked B  41/60] E=+0.9727
2026-06-21 19:26:02 | INFO     |   [blocked B  42/60] E=+0.9805
2026-06-21 19:26:02 | INFO     |   [blocked B  43/60] E=+0.9766
2026-06-21 19:26:02 | INFO     |   [blocked B  44/60] E=+0.9648
2026-06-21 19:26:02 | INFO     |   [blocked B  45/60] E=+0.9922
2026-06-21 19:26:02 | INFO     |   [blocked B  46/60] E=+0.9766
2026-06-21 19:26:02 | INFO     |   [blocked B  47/60] E=+0.9688
2026-06-21 19:26:02 | INFO     |   [blocked B  48/60] E=+0.9648
2026-06-21 19:26:02 | INFO     |   [blocked B  49/60] E=+0.9844
2026-06-21 19:26:02 | INFO     |   [blocked B  50/60] E=+0.9805
2026-06-21 19:26:02 | INFO     |   [blocked B  51/60] E=+0.9805
2026-06-21 19:26:02 | INFO     |   [blocked B  52/60] E=+0.9609
2026-06-21 19:26:02 | INFO     |   [blocked B  53/60] E=+0.9805
2026-06-21 19:26:02 | INFO     |   [blocked B  54/60] E=+0.9922
2026-06-21 19:26:02 | INFO     |   [blocked B  55/60] E=+0.9609
2026-06-21 19:26:02 | INFO     |   [blocked B  56/60] E=+0.9766
2026-06-21 19:26:02 | INFO     |   [blocked B  57/60] E=+0.9766
2026-06-21 19:26:02 | INFO     |   [blocked B  58/60] E=+0.9883
2026-06-21 19:26:02 | INFO     |   [blocked B  59/60] E=+0.9531
2026-06-21 19:26:02 | INFO     |   [blocked B  60/60] E=+0.9688
2026-06-21 19:26:03 | INFO     |   [interlv A   1/60] E=+0.9805
2026-06-21 19:26:03 | INFO     |   [interlv B   1/60] E=+0.9883
2026-06-21 19:26:03 | INFO     |   [interlv A   2/60] E=+0.9844
2026-06-21 19:26:03 | INFO     |   [interlv B   2/60] E=+0.9922
2026-06-21 19:26:03 | INFO     |   [interlv A   3/60] E=+0.9766
2026-06-21 19:26:03 | INFO     |   [interlv B   3/60] E=+0.9688
2026-06-21 19:26:03 | INFO     |   [interlv A   4/60] E=+0.9805
2026-06-21 19:26:03 | INFO     |   [interlv B   4/60] E=+0.9805
2026-06-21 19:26:03 | INFO     |   [interlv A   5/60] E=+0.9688
2026-06-21 19:26:03 | INFO     |   [interlv B   5/60] E=+0.9766
2026-06-21 19:26:03 | INFO     |   [interlv A   6/60] E=+0.9805
2026-06-21 19:26:03 | INFO     |   [interlv B   6/60] E=+0.9766
2026-06-21 19:26:03 | INFO     |   [interlv A   7/60] E=+0.9766
2026-06-21 19:26:03 | INFO     |   [interlv B   7/60] E=+0.9766
2026-06-21 19:26:03 | INFO     |   [interlv A   8/60] E=+0.9727
2026-06-21 19:26:03 | INFO     |   [interlv B   8/60] E=+0.9688
2026-06-21 19:26:03 | INFO     |   [interlv A   9/60] E=+0.9727
2026-06-21 19:26:03 | INFO     |   [interlv B   9/60] E=+0.9844
2026-06-21 19:26:03 | INFO     |   [interlv A  10/60] E=+0.9766
2026-06-21 19:26:03 | INFO     |   [interlv B  10/60] E=+0.9883
2026-06-21 19:26:03 | INFO     |   [interlv A  11/60] E=+0.9727
2026-06-21 19:26:03 | INFO     |   [interlv B  11/60] E=+0.9766
2026-06-21 19:26:03 | INFO     |   [interlv A  12/60] E=+0.9609
2026-06-21 19:26:03 | INFO     |   [interlv B  12/60] E=+0.9883
2026-06-21 19:26:03 | INFO     |   [interlv A  13/60] E=+0.9570
2026-06-21 19:26:03 | INFO     |   [interlv B  13/60] E=+0.9766
2026-06-21 19:26:03 | INFO     |   [interlv A  14/60] E=+0.9727
2026-06-21 19:26:03 | INFO     |   [interlv B  14/60] E=+0.9727
2026-06-21 19:26:03 | INFO     |   [interlv A  15/60] E=+0.9805
2026-06-21 19:26:03 | INFO     |   [interlv B  15/60] E=+0.9727
2026-06-21 19:26:03 | INFO     |   [interlv A  16/60] E=+0.9727
2026-06-21 19:26:03 | INFO     |   [interlv B  16/60] E=+0.9766
2026-06-21 19:26:03 | INFO     |   [interlv A  17/60] E=+0.9688
2026-06-21 19:26:03 | INFO     |   [interlv B  17/60] E=+0.9766
2026-06-21 19:26:03 | INFO     |   [interlv A  18/60] E=+0.9688
2026-06-21 19:26:03 | INFO     |   [interlv B  18/60] E=+0.9688
2026-06-21 19:26:03 | INFO     |   [interlv A  19/60] E=+0.9844
2026-06-21 19:26:03 | INFO     |   [interlv B  19/60] E=+0.9727
2026-06-21 19:26:03 | INFO     |   [interlv A  20/60] E=+0.9766
2026-06-21 19:26:03 | INFO     |   [interlv B  20/60] E=+0.9766
2026-06-21 19:26:03 | INFO     |   [interlv A  21/60] E=+0.9766
2026-06-21 19:26:03 | INFO     |   [interlv B  21/60] E=+0.9727
2026-06-21 19:26:03 | INFO     |   [interlv A  22/60] E=+0.9688
2026-06-21 19:26:03 | INFO     |   [interlv B  22/60] E=+0.9805
2026-06-21 19:26:03 | INFO     |   [interlv A  23/60] E=+0.9844
2026-06-21 19:26:03 | INFO     |   [interlv B  23/60] E=+0.9805
2026-06-21 19:26:03 | INFO     |   [interlv A  24/60] E=+0.9648
2026-06-21 19:26:03 | INFO     |   [interlv B  24/60] E=+0.9688
2026-06-21 19:26:03 | INFO     |   [interlv A  25/60] E=+0.9805
2026-06-21 19:26:03 | INFO     |   [interlv B  25/60] E=+0.9570
2026-06-21 19:26:03 | INFO     |   [interlv A  26/60] E=+0.9883
2026-06-21 19:26:03 | INFO     |   [interlv B  26/60] E=+0.9766
2026-06-21 19:26:03 | INFO     |   [interlv A  27/60] E=+0.9570
2026-06-21 19:26:03 | INFO     |   [interlv B  27/60] E=+0.9844
2026-06-21 19:26:03 | INFO     |   [interlv A  28/60] E=+0.9922
2026-06-21 19:26:03 | INFO     |   [interlv B  28/60] E=+0.9766
2026-06-21 19:26:03 | INFO     |   [interlv A  29/60] E=+0.9688
2026-06-21 19:26:03 | INFO     |   [interlv B  29/60] E=+0.9766
2026-06-21 19:26:03 | INFO     |   [interlv A  30/60] E=+0.9805
2026-06-21 19:26:03 | INFO     |   [interlv B  30/60] E=+0.9766
2026-06-21 19:26:03 | INFO     |   [interlv A  31/60] E=+0.9492
2026-06-21 19:26:03 | INFO     |   [interlv B  31/60] E=+0.9883
2026-06-21 19:26:03 | INFO     |   [interlv A  32/60] E=+0.9805
2026-06-21 19:26:03 | INFO     |   [interlv B  32/60] E=+0.9766
2026-06-21 19:26:03 | INFO     |   [interlv A  33/60] E=+0.9766
2026-06-21 19:26:03 | INFO     |   [interlv B  33/60] E=+0.9766
2026-06-21 19:26:03 | INFO     |   [interlv A  34/60] E=+0.9766
2026-06-21 19:26:03 | INFO     |   [interlv B  34/60] E=+0.9805
2026-06-21 19:26:03 | INFO     |   [interlv A  35/60] E=+0.9727
2026-06-21 19:26:03 | INFO     |   [interlv B  35/60] E=+0.9766
2026-06-21 19:26:03 | INFO     |   [interlv A  36/60] E=+0.9883
2026-06-21 19:26:03 | INFO     |   [interlv B  36/60] E=+0.9883
2026-06-21 19:26:03 | INFO     |   [interlv A  37/60] E=+0.9805
2026-06-21 19:26:03 | INFO     |   [interlv B  37/60] E=+0.9805
2026-06-21 19:26:03 | INFO     |   [interlv A  38/60] E=+0.9570
2026-06-21 19:26:03 | INFO     |   [interlv B  38/60] E=+0.9805
2026-06-21 19:26:03 | INFO     |   [interlv A  39/60] E=+0.9805
2026-06-21 19:26:03 | INFO     |   [interlv B  39/60] E=+0.9805
2026-06-21 19:26:03 | INFO     |   [interlv A  40/60] E=+0.9844
2026-06-21 19:26:03 | INFO     |   [interlv B  40/60] E=+0.9766
2026-06-21 19:26:03 | INFO     |   [interlv A  41/60] E=+0.9648
2026-06-21 19:26:03 | INFO     |   [interlv B  41/60] E=+0.9883
2026-06-21 19:26:03 | INFO     |   [interlv A  42/60] E=+0.9570
2026-06-21 19:26:03 | INFO     |   [interlv B  42/60] E=+0.9883
2026-06-21 19:26:03 | INFO     |   [interlv A  43/60] E=+0.9727
2026-06-21 19:26:03 | INFO     |   [interlv B  43/60] E=+0.9844
2026-06-21 19:26:03 | INFO     |   [interlv A  44/60] E=+0.9844
2026-06-21 19:26:03 | INFO     |   [interlv B  44/60] E=+0.9883
2026-06-21 19:26:03 | INFO     |   [interlv A  45/60] E=+0.9766
2026-06-21 19:26:03 | INFO     |   [interlv B  45/60] E=+0.9688
2026-06-21 19:26:03 | INFO     |   [interlv A  46/60] E=+0.9844
2026-06-21 19:26:03 | INFO     |   [interlv B  46/60] E=+0.9766
2026-06-21 19:26:03 | INFO     |   [interlv A  47/60] E=+0.9727
2026-06-21 19:26:03 | INFO     |   [interlv B  47/60] E=+0.9766
2026-06-21 19:26:03 | INFO     |   [interlv A  48/60] E=+0.9805
2026-06-21 19:26:03 | INFO     |   [interlv B  48/60] E=+0.9492
2026-06-21 19:26:03 | INFO     |   [interlv A  49/60] E=+0.9609
2026-06-21 19:26:03 | INFO     |   [interlv B  49/60] E=+0.9805
2026-06-21 19:26:03 | INFO     |   [interlv A  50/60] E=+0.9648
2026-06-21 19:26:03 | INFO     |   [interlv B  50/60] E=+0.9570
2026-06-21 19:26:03 | INFO     |   [interlv A  51/60] E=+0.9648
2026-06-21 19:26:03 | INFO     |   [interlv B  51/60] E=+0.9688
2026-06-21 19:26:03 | INFO     |   [interlv A  52/60] E=+0.9648
2026-06-21 19:26:03 | INFO     |   [interlv B  52/60] E=+0.9727
2026-06-21 19:26:04 | INFO     |   [interlv A  53/60] E=+0.9648
2026-06-21 19:26:04 | INFO     |   [interlv B  53/60] E=+0.9727
2026-06-21 19:26:04 | INFO     |   [interlv A  54/60] E=+0.9805
2026-06-21 19:26:04 | INFO     |   [interlv B  54/60] E=+0.9883
2026-06-21 19:26:04 | INFO     |   [interlv A  55/60] E=+0.9766
2026-06-21 19:26:04 | INFO     |   [interlv B  55/60] E=+0.9688
2026-06-21 19:26:04 | INFO     |   [interlv A  56/60] E=+0.9609
2026-06-21 19:26:04 | INFO     |   [interlv B  56/60] E=+0.9844
2026-06-21 19:26:04 | INFO     |   [interlv A  57/60] E=+0.9805
2026-06-21 19:26:04 | INFO     |   [interlv B  57/60] E=+0.9727
2026-06-21 19:26:04 | INFO     |   [interlv A  58/60] E=+0.9766
2026-06-21 19:26:04 | INFO     |   [interlv B  58/60] E=+0.9492
2026-06-21 19:26:04 | INFO     |   [interlv A  59/60] E=+0.9844
2026-06-21 19:26:04 | INFO     |   [interlv B  59/60] E=+0.9805
2026-06-21 19:26:04 | INFO     |   [interlv A  60/60] E=+0.9688
2026-06-21 19:26:04 | INFO     |   [interlv B  60/60] E=+0.9570
2026-06-21 19:26:04 | INFO     |   drift bias: blocked blockbias=-0.0015 vs interleaved -0.00254
2026-06-21 19:26:04 | INFO     | ✓ DONE  j12_drift_design_long  (0.1 min)
2026-06-21 19:26:04 | INFO     | --------------------------------------------------------------------
2026-06-21 19:26:04 | INFO     | ▶ START j13_allan_probe_long   (elapsed 0.00 h)
2026-06-21 19:26:04 | INFO     | [j13_allan_probe_long] layout=[8, 9, 10, 11] ideal=+0.9812 samples=220 shots=512 delay=6s
2026-06-21 19:26:04 | INFO     |   [probe  20/220] E=+0.9844
2026-06-21 19:26:04 | INFO     |   [probe  40/220] E=+0.9648
2026-06-21 19:26:04 | INFO     |   [probe  60/220] E=+0.9844
2026-06-21 19:26:05 | INFO     |   [probe  80/220] E=+0.9883
2026-06-21 19:26:05 | INFO     |   [probe 100/220] E=+0.9844
2026-06-21 19:26:05 | INFO     |   [probe 120/220] E=+0.9883
2026-06-21 19:26:06 | INFO     |   [probe 140/220] E=+0.9688
2026-06-21 19:26:06 | INFO     |   [probe 160/220] E=+0.9688
2026-06-21 19:26:06 | INFO     |   [probe 180/220] E=+0.9805
2026-06-21 19:26:07 | INFO     |   [probe 200/220] E=+0.9531
2026-06-21 19:26:07 | INFO     |   [probe 220/220] E=+0.9922
2026-06-21 19:26:07 | INFO     |   Allan: std=0.01009 autocorr_lag1=-0.0163 allan_dev={'1': 0.010126, '2': 0.007089, '4': 0.00572, '8': 0.003562, '16': 0.002237, '32': 0.001241, '64': 0.000806}
2026-06-21 19:26:07 | INFO     | ✓ DONE  j13_allan_probe_long  (0.1 min)
2026-06-21 19:26:07 | INFO     | --------------------------------------------------------------------
2026-06-21 19:26:07 | INFO     | ▶ START j14_czne_dataset_big   (elapsed 0.00 h)
2026-06-21 19:26:07 | INFO     | [j14_czne_dataset_big] regime=retained cfg={'rx': 0.05, 'rz': 0.05, 'steps': 1}
2026-06-21 19:26:07 | INFO     | [j14_czne_retained] layout=[8, 9, 10, 11] ideal=+0.9950 43g/6cz depth=25
2026-06-21 19:26:07 | INFO     |   lambda=1.0: genuine=47g/6cz garbage=47g/6cz identity=47g/6cz  [CZ OK]
2026-06-21 19:26:07 | INFO     |   lambda=3.0: genuine=133g/18cz garbage=133g/18cz identity=133g/18cz  [CZ OK]
2026-06-21 19:26:07 | INFO     |   lambda=5.0: genuine=219g/30cz garbage=219g/30cz identity=219g/30cz  [CZ OK]
2026-06-21 19:26:07 | INFO     |   [genuine  rep   1/30] E(1.0)=+1.0000 E(3.0)=+0.9844 E(5.0)=+0.9688
2026-06-21 19:26:07 | INFO     |   [genuine  rep   2/30] E(1.0)=+0.9844 E(3.0)=+0.9609 E(5.0)=+0.9766
2026-06-21 19:26:07 | INFO     |   [genuine  rep   3/30] E(1.0)=+0.9922 E(3.0)=+0.9922 E(5.0)=+0.9648
2026-06-21 19:26:07 | INFO     |   [genuine  rep   4/30] E(1.0)=+0.9844 E(3.0)=+0.9727 E(5.0)=+0.9570
2026-06-21 19:26:07 | INFO     |   [genuine  rep   5/30] E(1.0)=+0.9922 E(3.0)=+0.9766 E(5.0)=+0.9648
2026-06-21 19:26:07 | INFO     |   [genuine  rep   6/30] E(1.0)=+0.9961 E(3.0)=+0.9805 E(5.0)=+0.9609
2026-06-21 19:26:07 | INFO     |   [genuine  rep   7/30] E(1.0)=+0.9883 E(3.0)=+0.9844 E(5.0)=+0.9648
2026-06-21 19:26:07 | INFO     |   [genuine  rep   8/30] E(1.0)=+0.9922 E(3.0)=+0.9727 E(5.0)=+0.9609
2026-06-21 19:26:07 | INFO     |   [genuine  rep   9/30] E(1.0)=+0.9805 E(3.0)=+0.9766 E(5.0)=+0.9648
2026-06-21 19:26:07 | INFO     |   [genuine  rep  10/30] E(1.0)=+0.9922 E(3.0)=+0.9883 E(5.0)=+0.9805
2026-06-21 19:26:07 | INFO     |   [genuine  rep  11/30] E(1.0)=+1.0000 E(3.0)=+0.9805 E(5.0)=+0.9648
2026-06-21 19:26:08 | INFO     |   [genuine  rep  12/30] E(1.0)=+0.9922 E(3.0)=+0.9961 E(5.0)=+0.9766
2026-06-21 19:26:08 | INFO     |   [genuine  rep  13/30] E(1.0)=+0.9922 E(3.0)=+0.9805 E(5.0)=+0.9766
2026-06-21 19:26:08 | INFO     |   [genuine  rep  14/30] E(1.0)=+0.9883 E(3.0)=+0.9844 E(5.0)=+0.9688
2026-06-21 19:26:08 | INFO     |   [genuine  rep  15/30] E(1.0)=+1.0000 E(3.0)=+0.9883 E(5.0)=+0.9531
2026-06-21 19:26:08 | INFO     |   [genuine  rep  16/30] E(1.0)=+0.9961 E(3.0)=+0.9531 E(5.0)=+0.9766
2026-06-21 19:26:08 | INFO     |   [genuine  rep  17/30] E(1.0)=+0.9922 E(3.0)=+0.9570 E(5.0)=+0.9648
2026-06-21 19:26:08 | INFO     |   [genuine  rep  18/30] E(1.0)=+0.9961 E(3.0)=+0.9922 E(5.0)=+0.9570
2026-06-21 19:26:08 | INFO     |   [genuine  rep  19/30] E(1.0)=+0.9883 E(3.0)=+0.9883 E(5.0)=+0.9805
2026-06-21 19:26:08 | INFO     |   [genuine  rep  20/30] E(1.0)=+0.9922 E(3.0)=+0.9805 E(5.0)=+0.9609
2026-06-21 19:26:08 | INFO     |   [genuine  rep  21/30] E(1.0)=+0.9922 E(3.0)=+0.9844 E(5.0)=+0.9570
2026-06-21 19:26:08 | INFO     |   [genuine  rep  22/30] E(1.0)=+0.9883 E(3.0)=+0.9766 E(5.0)=+0.9648
2026-06-21 19:26:08 | INFO     |   [genuine  rep  23/30] E(1.0)=+1.0000 E(3.0)=+0.9883 E(5.0)=+0.9336
2026-06-21 19:26:08 | INFO     |   [genuine  rep  24/30] E(1.0)=+0.9766 E(3.0)=+0.9570 E(5.0)=+0.9688
2026-06-21 19:26:08 | INFO     |   [genuine  rep  25/30] E(1.0)=+0.9805 E(3.0)=+0.9805 E(5.0)=+0.9727
2026-06-21 19:26:08 | INFO     |   [genuine  rep  26/30] E(1.0)=+0.9883 E(3.0)=+0.9805 E(5.0)=+0.9688
2026-06-21 19:26:08 | INFO     |   [genuine  rep  27/30] E(1.0)=+0.9922 E(3.0)=+0.9688 E(5.0)=+0.9570
2026-06-21 19:26:08 | INFO     |   [genuine  rep  28/30] E(1.0)=+0.9805 E(3.0)=+0.9805 E(5.0)=+0.9688
2026-06-21 19:26:08 | INFO     |   [genuine  rep  29/30] E(1.0)=+0.9688 E(3.0)=+0.9961 E(5.0)=+0.9766
2026-06-21 19:26:08 | INFO     |   [genuine  rep  30/30] E(1.0)=+0.9844 E(3.0)=+0.9766 E(5.0)=+0.9531
2026-06-21 19:26:08 | INFO     |   [garbage  rep   1/30] E(1.0)=+0.9883 E(3.0)=+0.0352 E(5.0)=+0.0625
2026-06-21 19:26:08 | INFO     |   [garbage  rep   2/30] E(1.0)=+0.9844 E(3.0)=+0.0234 E(5.0)=-0.0547
2026-06-21 19:26:09 | INFO     |   [garbage  rep   3/30] E(1.0)=+0.9961 E(3.0)=-0.0078 E(5.0)=-0.0117
2026-06-21 19:26:09 | INFO     |   [garbage  rep   4/30] E(1.0)=+0.9922 E(3.0)=+0.0312 E(5.0)=-0.0312
2026-06-21 19:26:09 | INFO     |   [garbage  rep   5/30] E(1.0)=+0.9961 E(3.0)=+0.1055 E(5.0)=+0.0234
2026-06-21 19:26:09 | INFO     |   [garbage  rep   6/30] E(1.0)=+0.9766 E(3.0)=+0.0273 E(5.0)=-0.0195
2026-06-21 19:26:09 | INFO     |   [garbage  rep   7/30] E(1.0)=+0.9883 E(3.0)=+0.0547 E(5.0)=-0.0273
2026-06-21 19:26:09 | INFO     |   [garbage  rep   8/30] E(1.0)=+0.9844 E(3.0)=+0.0391 E(5.0)=-0.0469
2026-06-21 19:26:09 | INFO     |   [garbage  rep   9/30] E(1.0)=+0.9766 E(3.0)=-0.0156 E(5.0)=-0.0469
2026-06-21 19:26:09 | INFO     |   [garbage  rep  10/30] E(1.0)=+0.9766 E(3.0)=-0.0508 E(5.0)=-0.0469
2026-06-21 19:26:09 | INFO     |   [garbage  rep  11/30] E(1.0)=+0.9922 E(3.0)=+0.0234 E(5.0)=+0.0234
2026-06-21 19:26:09 | INFO     |   [garbage  rep  12/30] E(1.0)=+0.9922 E(3.0)=-0.0117 E(5.0)=-0.0195
2026-06-21 19:26:09 | INFO     |   [garbage  rep  13/30] E(1.0)=+1.0000 E(3.0)=-0.0195 E(5.0)=-0.0234
2026-06-21 19:26:09 | INFO     |   [garbage  rep  14/30] E(1.0)=+0.9922 E(3.0)=+0.0430 E(5.0)=-0.0039
2026-06-21 19:26:09 | INFO     |   [garbage  rep  15/30] E(1.0)=+0.9922 E(3.0)=-0.0039 E(5.0)=+0.0352
2026-06-21 19:26:09 | INFO     |   [garbage  rep  16/30] E(1.0)=+0.9844 E(3.0)=-0.0430 E(5.0)=-0.0547
2026-06-21 19:26:09 | INFO     |   [garbage  rep  17/30] E(1.0)=+0.9961 E(3.0)=-0.0391 E(5.0)=-0.0508
2026-06-21 19:26:09 | INFO     |   [garbage  rep  18/30] E(1.0)=+0.9961 E(3.0)=+0.0312 E(5.0)=+0.0195
2026-06-21 19:26:09 | INFO     |   [garbage  rep  19/30] E(1.0)=+0.9922 E(3.0)=-0.0078 E(5.0)=+0.0625
2026-06-21 19:26:09 | INFO     |   [garbage  rep  20/30] E(1.0)=+0.9922 E(3.0)=-0.0156 E(5.0)=+0.0312
2026-06-21 19:26:09 | INFO     |   [garbage  rep  21/30] E(1.0)=+0.9922 E(3.0)=+0.1133 E(5.0)=+0.0508
2026-06-21 19:26:10 | INFO     |   [garbage  rep  22/30] E(1.0)=+0.9844 E(3.0)=-0.0312 E(5.0)=-0.0391
2026-06-21 19:26:10 | INFO     |   [garbage  rep  23/30] E(1.0)=+0.9688 E(3.0)=-0.0078 E(5.0)=+0.0469
2026-06-21 19:26:10 | INFO     |   [garbage  rep  24/30] E(1.0)=+1.0000 E(3.0)=+0.0312 E(5.0)=+0.0781
2026-06-21 19:26:10 | INFO     |   [garbage  rep  25/30] E(1.0)=+0.9961 E(3.0)=+0.0742 E(5.0)=+0.0508
2026-06-21 19:26:10 | INFO     |   [garbage  rep  26/30] E(1.0)=+0.9883 E(3.0)=-0.0742 E(5.0)=-0.0156
2026-06-21 19:26:10 | INFO     |   [garbage  rep  27/30] E(1.0)=+0.9922 E(3.0)=+0.0000 E(5.0)=+0.0586
2026-06-21 19:26:10 | INFO     |   [garbage  rep  28/30] E(1.0)=+0.9883 E(3.0)=+0.0742 E(5.0)=+0.0312
2026-06-21 19:26:10 | INFO     |   [garbage  rep  29/30] E(1.0)=+0.9688 E(3.0)=-0.0195 E(5.0)=+0.0156
2026-06-21 19:26:10 | INFO     |   [garbage  rep  30/30] E(1.0)=+0.9922 E(3.0)=+0.0234 E(5.0)=+0.0039
2026-06-21 19:26:10 | INFO     |   [identity rep   1/30] E(1.0)=+0.9922 E(3.0)=+0.9688 E(5.0)=+0.9805
2026-06-21 19:26:10 | INFO     |   [identity rep   2/30] E(1.0)=+0.9922 E(3.0)=+0.9805 E(5.0)=+0.9648
2026-06-21 19:26:10 | INFO     |   [identity rep   3/30] E(1.0)=+0.9805 E(3.0)=+0.9766 E(5.0)=+0.9688
2026-06-21 19:26:10 | INFO     |   [identity rep   4/30] E(1.0)=+0.9844 E(3.0)=+0.9766 E(5.0)=+0.9688
2026-06-21 19:26:10 | INFO     |   [identity rep   5/30] E(1.0)=+0.9922 E(3.0)=+0.9883 E(5.0)=+0.9727
2026-06-21 19:26:10 | INFO     |   [identity rep   6/30] E(1.0)=+0.9844 E(3.0)=+0.9922 E(5.0)=+0.9727
2026-06-21 19:26:10 | INFO     |   [identity rep   7/30] E(1.0)=+0.9922 E(3.0)=+0.9727 E(5.0)=+0.9648
2026-06-21 19:26:10 | INFO     |   [identity rep   8/30] E(1.0)=+0.9961 E(3.0)=+0.9648 E(5.0)=+0.9805
2026-06-21 19:26:10 | INFO     |   [identity rep   9/30] E(1.0)=+0.9961 E(3.0)=+0.9727 E(5.0)=+0.9727
2026-06-21 19:26:10 | INFO     |   [identity rep  10/30] E(1.0)=+0.9922 E(3.0)=+0.9805 E(5.0)=+0.9844
2026-06-21 19:26:10 | INFO     |   [identity rep  11/30] E(1.0)=+0.9805 E(3.0)=+0.9922 E(5.0)=+0.9727
2026-06-21 19:26:10 | INFO     |   [identity rep  12/30] E(1.0)=+0.9844 E(3.0)=+0.9766 E(5.0)=+0.9648
2026-06-21 19:26:11 | INFO     |   [identity rep  13/30] E(1.0)=+0.9844 E(3.0)=+0.9883 E(5.0)=+0.9766
2026-06-21 19:26:11 | INFO     |   [identity rep  14/30] E(1.0)=+0.9805 E(3.0)=+0.9766 E(5.0)=+0.9688
2026-06-21 19:26:11 | INFO     |   [identity rep  15/30] E(1.0)=+0.9961 E(3.0)=+0.9961 E(5.0)=+0.9609
2026-06-21 19:26:11 | INFO     |   [identity rep  16/30] E(1.0)=+0.9805 E(3.0)=+0.9766 E(5.0)=+0.9766
2026-06-21 19:26:11 | INFO     |   [identity rep  17/30] E(1.0)=+0.9844 E(3.0)=+0.9805 E(5.0)=+0.9766
2026-06-21 19:26:11 | INFO     |   [identity rep  18/30] E(1.0)=+0.9766 E(3.0)=+0.9727 E(5.0)=+0.9844
2026-06-21 19:26:11 | INFO     |   [identity rep  19/30] E(1.0)=+0.9727 E(3.0)=+0.9805 E(5.0)=+0.9688
2026-06-21 19:26:11 | INFO     |   [identity rep  20/30] E(1.0)=+0.9844 E(3.0)=+0.9766 E(5.0)=+0.9531
2026-06-21 19:26:11 | INFO     |   [identity rep  21/30] E(1.0)=+0.9883 E(3.0)=+0.9844 E(5.0)=+0.9492
2026-06-21 19:26:11 | INFO     |   [identity rep  22/30] E(1.0)=+0.9883 E(3.0)=+0.9688 E(5.0)=+0.9805
2026-06-21 19:26:11 | INFO     |   [identity rep  23/30] E(1.0)=+0.9883 E(3.0)=+0.9453 E(5.0)=+0.9609
2026-06-21 19:26:11 | INFO     |   [identity rep  24/30] E(1.0)=+0.9883 E(3.0)=+0.9805 E(5.0)=+0.9883
2026-06-21 19:26:11 | INFO     |   [identity rep  25/30] E(1.0)=+0.9883 E(3.0)=+0.9805 E(5.0)=+0.9688
2026-06-21 19:26:11 | INFO     |   [identity rep  26/30] E(1.0)=+0.9883 E(3.0)=+0.9766 E(5.0)=+0.9727
2026-06-21 19:26:11 | INFO     |   [identity rep  27/30] E(1.0)=+0.9688 E(3.0)=+0.9688 E(5.0)=+0.9648
2026-06-21 19:26:11 | INFO     |   [identity rep  28/30] E(1.0)=+0.9805 E(3.0)=+0.9883 E(5.0)=+0.9688
2026-06-21 19:26:11 | INFO     |   [identity rep  29/30] E(1.0)=+0.9805 E(3.0)=+0.9727 E(5.0)=+0.9375
2026-06-21 19:26:11 | INFO     |   [identity rep  30/30] E(1.0)=+0.9961 E(3.0)=+0.9766 E(5.0)=+0.9844
2026-06-21 19:26:11 | INFO     |   aggregate -> j14_czne_retained_summary.csv: rho_genu=0.7437 rho_garb=134.1759 rho_iden=0.5042
2026-06-21 19:26:11 | INFO     | [j14_czne_dataset_big] regime=mid cfg={'rx': 0.07, 'rz': 0.09, 'steps': 1}
2026-06-21 19:26:12 | INFO     | [j14_czne_mid] layout=[8, 9, 10, 11] ideal=+0.9902 43g/6cz depth=25
2026-06-21 19:26:12 | INFO     |   lambda=1.0: genuine=47g/6cz garbage=47g/6cz identity=47g/6cz  [CZ OK]
2026-06-21 19:26:12 | INFO     |   lambda=3.0: genuine=133g/18cz garbage=133g/18cz identity=133g/18cz  [CZ OK]
2026-06-21 19:26:12 | INFO     |   lambda=5.0: genuine=219g/30cz garbage=219g/30cz identity=219g/30cz  [CZ OK]
2026-06-21 19:26:12 | INFO     |   [genuine  rep   1/30] E(1.0)=+0.9922 E(3.0)=+0.9805 E(5.0)=+0.9609
2026-06-21 19:26:12 | INFO     |   [genuine  rep   2/30] E(1.0)=+0.9883 E(3.0)=+0.9805 E(5.0)=+0.9570
2026-06-21 19:26:12 | INFO     |   [genuine  rep   3/30] E(1.0)=+0.9805 E(3.0)=+0.9609 E(5.0)=+0.9414
2026-06-21 19:26:12 | INFO     |   [genuine  rep   4/30] E(1.0)=+0.9766 E(3.0)=+0.9688 E(5.0)=+0.9648
2026-06-21 19:26:12 | INFO     |   [genuine  rep   5/30] E(1.0)=+0.9844 E(3.0)=+0.9766 E(5.0)=+0.9609
2026-06-21 19:26:12 | INFO     |   [genuine  rep   6/30] E(1.0)=+0.9766 E(3.0)=+0.9648 E(5.0)=+0.9727
2026-06-21 19:26:12 | INFO     |   [genuine  rep   7/30] E(1.0)=+0.9727 E(3.0)=+0.9844 E(5.0)=+0.9805
2026-06-21 19:26:12 | INFO     |   [genuine  rep   8/30] E(1.0)=+0.9766 E(3.0)=+0.9727 E(5.0)=+0.9492
2026-06-21 19:26:12 | INFO     |   [genuine  rep   9/30] E(1.0)=+0.9688 E(3.0)=+0.9844 E(5.0)=+0.9766
2026-06-21 19:26:12 | INFO     |   [genuine  rep  10/30] E(1.0)=+0.9805 E(3.0)=+0.9648 E(5.0)=+0.9688
2026-06-21 19:26:12 | INFO     |   [genuine  rep  11/30] E(1.0)=+0.9883 E(3.0)=+0.9766 E(5.0)=+0.9453
2026-06-21 19:26:12 | INFO     |   [genuine  rep  12/30] E(1.0)=+0.9922 E(3.0)=+0.9844 E(5.0)=+0.9648
2026-06-21 19:26:12 | INFO     |   [genuine  rep  13/30] E(1.0)=+0.9805 E(3.0)=+0.9727 E(5.0)=+0.9727
2026-06-21 19:26:12 | INFO     |   [genuine  rep  14/30] E(1.0)=+0.9922 E(3.0)=+0.9805 E(5.0)=+0.9570
2026-06-21 19:26:12 | INFO     |   [genuine  rep  15/30] E(1.0)=+0.9883 E(3.0)=+0.9648 E(5.0)=+0.9570
2026-06-21 19:26:12 | INFO     |   [genuine  rep  16/30] E(1.0)=+0.9922 E(3.0)=+0.9727 E(5.0)=+0.9609
2026-06-21 19:26:12 | INFO     |   [genuine  rep  17/30] E(1.0)=+0.9883 E(3.0)=+0.9766 E(5.0)=+0.9766
2026-06-21 19:26:12 | INFO     |   [genuine  rep  18/30] E(1.0)=+0.9883 E(3.0)=+0.9961 E(5.0)=+0.9648
2026-06-21 19:26:12 | INFO     |   [genuine  rep  19/30] E(1.0)=+0.9883 E(3.0)=+0.9648 E(5.0)=+0.9492
2026-06-21 19:26:12 | INFO     |   [genuine  rep  20/30] E(1.0)=+0.9844 E(3.0)=+0.9727 E(5.0)=+0.9688
2026-06-21 19:26:12 | INFO     |   [genuine  rep  21/30] E(1.0)=+0.9805 E(3.0)=+0.9805 E(5.0)=+0.9609
2026-06-21 19:26:12 | INFO     |   [genuine  rep  22/30] E(1.0)=+0.9844 E(3.0)=+0.9688 E(5.0)=+0.9805
2026-06-21 19:26:12 | INFO     |   [genuine  rep  23/30] E(1.0)=+0.9961 E(3.0)=+0.9805 E(5.0)=+0.9688
2026-06-21 19:26:13 | INFO     |   [genuine  rep  24/30] E(1.0)=+0.9609 E(3.0)=+0.9805 E(5.0)=+0.9766
2026-06-21 19:26:13 | INFO     |   [genuine  rep  25/30] E(1.0)=+0.9922 E(3.0)=+0.9766 E(5.0)=+0.9570
2026-06-21 19:26:13 | INFO     |   [genuine  rep  26/30] E(1.0)=+0.9805 E(3.0)=+0.9727 E(5.0)=+0.9570
2026-06-21 19:26:13 | INFO     |   [genuine  rep  27/30] E(1.0)=+0.9961 E(3.0)=+0.9727 E(5.0)=+0.9570
2026-06-21 19:26:13 | INFO     |   [genuine  rep  28/30] E(1.0)=+0.9883 E(3.0)=+0.9766 E(5.0)=+0.9531
2026-06-21 19:26:13 | INFO     |   [genuine  rep  29/30] E(1.0)=+0.9844 E(3.0)=+0.9844 E(5.0)=+0.9727
2026-06-21 19:26:13 | INFO     |   [genuine  rep  30/30] E(1.0)=+0.9883 E(3.0)=+0.9609 E(5.0)=+0.9492
2026-06-21 19:26:13 | INFO     |   [garbage  rep   1/30] E(1.0)=+0.9844 E(3.0)=+0.0508 E(5.0)=+0.0352
2026-06-21 19:26:13 | INFO     |   [garbage  rep   2/30] E(1.0)=+0.9922 E(3.0)=+0.0352 E(5.0)=-0.0664
2026-06-21 19:26:13 | INFO     |   [garbage  rep   3/30] E(1.0)=+0.9688 E(3.0)=-0.0117 E(5.0)=+0.0391
2026-06-21 19:26:13 | INFO     |   [garbage  rep   4/30] E(1.0)=+0.9883 E(3.0)=+0.0664 E(5.0)=-0.0039
2026-06-21 19:26:13 | INFO     |   [garbage  rep   5/30] E(1.0)=+0.9805 E(3.0)=+0.0234 E(5.0)=-0.0234
2026-06-21 19:26:13 | INFO     |   [garbage  rep   6/30] E(1.0)=+0.9883 E(3.0)=+0.0234 E(5.0)=-0.0234
2026-06-21 19:26:13 | INFO     |   [garbage  rep   7/30] E(1.0)=+0.9961 E(3.0)=+0.0391 E(5.0)=-0.0820
2026-06-21 19:26:13 | INFO     |   [garbage  rep   8/30] E(1.0)=+0.9805 E(3.0)=+0.0234 E(5.0)=-0.1016
2026-06-21 19:26:13 | INFO     |   [garbage  rep   9/30] E(1.0)=+0.9688 E(3.0)=+0.0508 E(5.0)=-0.0430
2026-06-21 19:26:13 | INFO     |   [garbage  rep  10/30] E(1.0)=+0.9766 E(3.0)=+0.0547 E(5.0)=-0.0391
2026-06-21 19:26:13 | INFO     |   [garbage  rep  11/30] E(1.0)=+0.9766 E(3.0)=-0.0352 E(5.0)=-0.0234
2026-06-21 19:26:13 | INFO     |   [garbage  rep  12/30] E(1.0)=+0.9805 E(3.0)=+0.0117 E(5.0)=-0.0391
2026-06-21 19:26:14 | INFO     |   [garbage  rep  13/30] E(1.0)=+0.9922 E(3.0)=+0.0469 E(5.0)=+0.0234
2026-06-21 19:26:14 | INFO     |   [garbage  rep  14/30] E(1.0)=+0.9805 E(3.0)=+0.0508 E(5.0)=-0.0508
2026-06-21 19:26:14 | INFO     |   [garbage  rep  15/30] E(1.0)=+0.9844 E(3.0)=+0.0000 E(5.0)=-0.0430
2026-06-21 19:26:14 | INFO     |   [garbage  rep  16/30] E(1.0)=+0.9688 E(3.0)=+0.0469 E(5.0)=+0.0586
2026-06-21 19:26:14 | INFO     |   [garbage  rep  17/30] E(1.0)=+0.9883 E(3.0)=+0.0078 E(5.0)=-0.0820
2026-06-21 19:26:14 | INFO     |   [garbage  rep  18/30] E(1.0)=+0.9805 E(3.0)=+0.0000 E(5.0)=+0.0078
2026-06-21 19:26:14 | INFO     |   [garbage  rep  19/30] E(1.0)=+1.0000 E(3.0)=+0.0625 E(5.0)=-0.0391
2026-06-21 19:26:14 | INFO     |   [garbage  rep  20/30] E(1.0)=+0.9883 E(3.0)=+0.0195 E(5.0)=-0.0195
2026-06-21 19:26:14 | INFO     |   [garbage  rep  21/30] E(1.0)=+0.9922 E(3.0)=+0.0195 E(5.0)=+0.0508
2026-06-21 19:26:14 | INFO     |   [garbage  rep  22/30] E(1.0)=+0.9883 E(3.0)=-0.0430 E(5.0)=-0.0039
2026-06-21 19:26:14 | INFO     |   [garbage  rep  23/30] E(1.0)=+0.9805 E(3.0)=-0.0273 E(5.0)=-0.0039
2026-06-21 19:26:14 | INFO     |   [garbage  rep  24/30] E(1.0)=+0.9766 E(3.0)=-0.0273 E(5.0)=-0.0898
2026-06-21 19:26:14 | INFO     |   [garbage  rep  25/30] E(1.0)=+0.9805 E(3.0)=+0.0273 E(5.0)=+0.0391
2026-06-21 19:26:14 | INFO     |   [garbage  rep  26/30] E(1.0)=+0.9922 E(3.0)=+0.0195 E(5.0)=+0.1172
2026-06-21 19:26:14 | INFO     |   [garbage  rep  27/30] E(1.0)=+0.9883 E(3.0)=-0.0547 E(5.0)=-0.0469
2026-06-21 19:26:14 | INFO     |   [garbage  rep  28/30] E(1.0)=+0.9766 E(3.0)=-0.0664 E(5.0)=+0.1055
2026-06-21 19:26:14 | INFO     |   [garbage  rep  29/30] E(1.0)=+0.9883 E(3.0)=-0.0898 E(5.0)=-0.0352
2026-06-21 19:26:14 | INFO     |   [garbage  rep  30/30] E(1.0)=+0.9844 E(3.0)=+0.0781 E(5.0)=-0.0352
2026-06-21 19:26:15 | INFO     |   [identity rep   1/30] E(1.0)=+0.9805 E(3.0)=+0.9766 E(5.0)=+0.9648
2026-06-21 19:26:15 | INFO     |   [identity rep   2/30] E(1.0)=+0.9844 E(3.0)=+0.9609 E(5.0)=+0.9844
2026-06-21 19:26:15 | INFO     |   [identity rep   3/30] E(1.0)=+0.9883 E(3.0)=+0.9805 E(5.0)=+0.9531
2026-06-21 19:26:15 | INFO     |   [identity rep   4/30] E(1.0)=+0.9805 E(3.0)=+0.9766 E(5.0)=+0.9609
2026-06-21 19:26:15 | INFO     |   [identity rep   5/30] E(1.0)=+0.9805 E(3.0)=+0.9609 E(5.0)=+0.9531
2026-06-21 19:26:15 | INFO     |   [identity rep   6/30] E(1.0)=+0.9844 E(3.0)=+0.9570 E(5.0)=+0.9727
2026-06-21 19:26:15 | INFO     |   [identity rep   7/30] E(1.0)=+0.9883 E(3.0)=+0.9609 E(5.0)=+0.9531
2026-06-21 19:26:15 | INFO     |   [identity rep   8/30] E(1.0)=+0.9805 E(3.0)=+0.9727 E(5.0)=+0.9688
2026-06-21 19:26:15 | INFO     |   [identity rep   9/30] E(1.0)=+0.9766 E(3.0)=+0.9648 E(5.0)=+0.9766
2026-06-21 19:26:15 | INFO     |   [identity rep  10/30] E(1.0)=+0.9766 E(3.0)=+0.9570 E(5.0)=+0.9531
2026-06-21 19:26:15 | INFO     |   [identity rep  11/30] E(1.0)=+0.9883 E(3.0)=+0.9727 E(5.0)=+0.9688
2026-06-21 19:26:15 | INFO     |   [identity rep  12/30] E(1.0)=+0.9805 E(3.0)=+0.9414 E(5.0)=+0.9492
2026-06-21 19:26:15 | INFO     |   [identity rep  13/30] E(1.0)=+0.9766 E(3.0)=+0.9805 E(5.0)=+0.9609
2026-06-21 19:26:15 | INFO     |   [identity rep  14/30] E(1.0)=+0.9883 E(3.0)=+0.9844 E(5.0)=+0.9688
2026-06-21 19:26:15 | INFO     |   [identity rep  15/30] E(1.0)=+0.9844 E(3.0)=+0.9492 E(5.0)=+0.9531
2026-06-21 19:26:15 | INFO     |   [identity rep  16/30] E(1.0)=+0.9727 E(3.0)=+0.9922 E(5.0)=+0.9531
2026-06-21 19:26:15 | INFO     |   [identity rep  17/30] E(1.0)=+0.9805 E(3.0)=+0.9766 E(5.0)=+0.9727
2026-06-21 19:26:15 | INFO     |   [identity rep  18/30] E(1.0)=+0.9766 E(3.0)=+0.9492 E(5.0)=+0.9570
2026-06-21 19:26:16 | INFO     |   [identity rep  19/30] E(1.0)=+0.9805 E(3.0)=+0.9766 E(5.0)=+0.9531
2026-06-21 19:26:16 | INFO     |   [identity rep  20/30] E(1.0)=+0.9883 E(3.0)=+0.9805 E(5.0)=+0.9648
2026-06-21 19:26:16 | INFO     |   [identity rep  21/30] E(1.0)=+0.9883 E(3.0)=+0.9609 E(5.0)=+0.9727
2026-06-21 19:26:16 | INFO     |   [identity rep  22/30] E(1.0)=+0.9805 E(3.0)=+0.9766 E(5.0)=+0.9414
2026-06-21 19:26:16 | INFO     |   [identity rep  23/30] E(1.0)=+0.9766 E(3.0)=+0.9922 E(5.0)=+0.9609
2026-06-21 19:26:16 | INFO     |   [identity rep  24/30] E(1.0)=+0.9844 E(3.0)=+0.9844 E(5.0)=+0.9766
2026-06-21 19:26:16 | INFO     |   [identity rep  25/30] E(1.0)=+0.9922 E(3.0)=+0.9570 E(5.0)=+0.9570
2026-06-21 19:26:16 | INFO     |   [identity rep  26/30] E(1.0)=+0.9648 E(3.0)=+0.9844 E(5.0)=+0.9648
2026-06-21 19:26:16 | INFO     |   [identity rep  27/30] E(1.0)=+0.9844 E(3.0)=+0.9766 E(5.0)=+0.9609
2026-06-21 19:26:16 | INFO     |   [identity rep  28/30] E(1.0)=+0.9844 E(3.0)=+0.9805 E(5.0)=+0.9453
2026-06-21 19:26:16 | INFO     |   [identity rep  29/30] E(1.0)=+0.9922 E(3.0)=+0.9570 E(5.0)=+0.9414
2026-06-21 19:26:16 | INFO     |   [identity rep  30/30] E(1.0)=+0.9883 E(3.0)=+0.9727 E(5.0)=+0.9727
2026-06-21 19:26:16 | INFO     |   aggregate -> j14_czne_mid_summary.csv: rho_genu=0.5883 rho_garb=128.724 rho_iden=0.8973
2026-06-21 19:26:16 | INFO     | [j14_czne_dataset_big] regime=destroyed cfg={'rx': 0.097344, 'rz': 0.133849, 'steps': 1}
2026-06-21 19:26:16 | INFO     | [j14_czne_destroyed] layout=[8, 9, 10, 11] ideal=+0.9812 43g/6cz depth=25
2026-06-21 19:26:16 | INFO     |   lambda=1.0: genuine=47g/6cz garbage=47g/6cz identity=47g/6cz  [CZ OK]
2026-06-21 19:26:16 | INFO     |   lambda=3.0: genuine=133g/18cz garbage=133g/18cz identity=133g/18cz  [CZ OK]
2026-06-21 19:26:16 | INFO     |   lambda=5.0: genuine=219g/30cz garbage=219g/30cz identity=219g/30cz  [CZ OK]
2026-06-21 19:26:16 | INFO     |   [genuine  rep   1/30] E(1.0)=+0.9688 E(3.0)=+0.9609 E(5.0)=+0.9492
2026-06-21 19:26:16 | INFO     |   [genuine  rep   2/30] E(1.0)=+0.9766 E(3.0)=+0.9414 E(5.0)=+0.9453
2026-06-21 19:26:16 | INFO     |   [genuine  rep   3/30] E(1.0)=+0.9805 E(3.0)=+0.9766 E(5.0)=+0.9648
2026-06-21 19:26:16 | INFO     |   [genuine  rep   4/30] E(1.0)=+0.9609 E(3.0)=+0.9492 E(5.0)=+0.9375
2026-06-21 19:26:16 | INFO     |   [genuine  rep   5/30] E(1.0)=+0.9883 E(3.0)=+0.9648 E(5.0)=+0.9375
2026-06-21 19:26:16 | INFO     |   [genuine  rep   6/30] E(1.0)=+0.9570 E(3.0)=+0.9805 E(5.0)=+0.9531
2026-06-21 19:26:16 | INFO     |   [genuine  rep   7/30] E(1.0)=+0.9727 E(3.0)=+0.9688 E(5.0)=+0.9531
2026-06-21 19:26:16 | INFO     |   [genuine  rep   8/30] E(1.0)=+0.9727 E(3.0)=+0.9766 E(5.0)=+0.9805
2026-06-21 19:26:17 | INFO     |   [genuine  rep   9/30] E(1.0)=+0.9883 E(3.0)=+0.9570 E(5.0)=+0.9648
2026-06-21 19:26:17 | INFO     |   [genuine  rep  10/30] E(1.0)=+0.9688 E(3.0)=+0.9609 E(5.0)=+0.9453
2026-06-21 19:26:17 | INFO     |   [genuine  rep  11/30] E(1.0)=+0.9766 E(3.0)=+0.9648 E(5.0)=+0.9609
2026-06-21 19:26:17 | INFO     |   [genuine  rep  12/30] E(1.0)=+0.9883 E(3.0)=+0.9688 E(5.0)=+0.9727
2026-06-21 19:26:17 | INFO     |   [genuine  rep  13/30] E(1.0)=+0.9805 E(3.0)=+0.9414 E(5.0)=+0.9570
2026-06-21 19:26:17 | INFO     |   [genuine  rep  14/30] E(1.0)=+0.9766 E(3.0)=+0.9727 E(5.0)=+0.9609
2026-06-21 19:26:17 | INFO     |   [genuine  rep  15/30] E(1.0)=+0.9688 E(3.0)=+0.9727 E(5.0)=+0.9609
2026-06-21 19:26:17 | INFO     |   [genuine  rep  16/30] E(1.0)=+0.9805 E(3.0)=+0.9727 E(5.0)=+0.9414
2026-06-21 19:26:17 | INFO     |   [genuine  rep  17/30] E(1.0)=+0.9883 E(3.0)=+0.9688 E(5.0)=+0.9727
2026-06-21 19:26:17 | INFO     |   [genuine  rep  18/30] E(1.0)=+0.9766 E(3.0)=+0.9531 E(5.0)=+0.9727
2026-06-21 19:26:17 | INFO     |   [genuine  rep  19/30] E(1.0)=+0.9805 E(3.0)=+0.9727 E(5.0)=+0.9570
2026-06-21 19:26:17 | INFO     |   [genuine  rep  20/30] E(1.0)=+0.9844 E(3.0)=+0.9805 E(5.0)=+0.9453
2026-06-21 19:26:17 | INFO     |   [genuine  rep  21/30] E(1.0)=+0.9805 E(3.0)=+0.9453 E(5.0)=+0.9336
2026-06-21 19:26:17 | INFO     |   [genuine  rep  22/30] E(1.0)=+0.9688 E(3.0)=+0.9492 E(5.0)=+0.9414
2026-06-21 19:26:17 | INFO     |   [genuine  rep  23/30] E(1.0)=+0.9844 E(3.0)=+0.9609 E(5.0)=+0.9688
2026-06-21 19:26:17 | INFO     |   [genuine  rep  24/30] E(1.0)=+0.9766 E(3.0)=+0.9453 E(5.0)=+0.9648
2026-06-21 19:26:17 | INFO     |   [genuine  rep  25/30] E(1.0)=+0.9727 E(3.0)=+0.9805 E(5.0)=+0.9844
2026-06-21 19:26:17 | INFO     |   [genuine  rep  26/30] E(1.0)=+0.9766 E(3.0)=+0.9766 E(5.0)=+0.9531
2026-06-21 19:26:17 | INFO     |   [genuine  rep  27/30] E(1.0)=+0.9727 E(3.0)=+0.9688 E(5.0)=+0.9375
2026-06-21 19:26:17 | INFO     |   [genuine  rep  28/30] E(1.0)=+0.9922 E(3.0)=+0.9414 E(5.0)=+0.9609
2026-06-21 19:26:18 | INFO     |   [genuine  rep  29/30] E(1.0)=+0.9688 E(3.0)=+0.9531 E(5.0)=+0.9688
2026-06-21 19:26:18 | INFO     |   [genuine  rep  30/30] E(1.0)=+0.9648 E(3.0)=+0.9570 E(5.0)=+0.9531
2026-06-21 19:26:18 | INFO     |   [garbage  rep   1/30] E(1.0)=+0.9648 E(3.0)=+0.0195 E(5.0)=-0.0039
2026-06-21 19:26:18 | INFO     |   [garbage  rep   2/30] E(1.0)=+0.9688 E(3.0)=+0.0312 E(5.0)=+0.0312
2026-06-21 19:26:18 | INFO     |   [garbage  rep   3/30] E(1.0)=+0.9727 E(3.0)=+0.1055 E(5.0)=+0.0664
2026-06-21 19:26:18 | INFO     |   [garbage  rep   4/30] E(1.0)=+0.9766 E(3.0)=+0.0156 E(5.0)=+0.0117
2026-06-21 19:26:18 | INFO     |   [garbage  rep   5/30] E(1.0)=+0.9688 E(3.0)=+0.0820 E(5.0)=-0.0664
2026-06-21 19:26:18 | INFO     |   [garbage  rep   6/30] E(1.0)=+0.9648 E(3.0)=+0.0078 E(5.0)=+0.0352
2026-06-21 19:26:18 | INFO     |   [garbage  rep   7/30] E(1.0)=+0.9883 E(3.0)=-0.0430 E(5.0)=-0.0625
2026-06-21 19:26:18 | INFO     |   [garbage  rep   8/30] E(1.0)=+0.9688 E(3.0)=+0.0508 E(5.0)=-0.0195
2026-06-21 19:26:18 | INFO     |   [garbage  rep   9/30] E(1.0)=+0.9727 E(3.0)=+0.0156 E(5.0)=-0.1016
2026-06-21 19:26:18 | INFO     |   [garbage  rep  10/30] E(1.0)=+0.9727 E(3.0)=+0.0664 E(5.0)=+0.0312
2026-06-21 19:26:18 | INFO     |   [garbage  rep  11/30] E(1.0)=+0.9805 E(3.0)=-0.0352 E(5.0)=-0.0469
2026-06-21 19:26:18 | INFO     |   [garbage  rep  12/30] E(1.0)=+0.9883 E(3.0)=+0.0117 E(5.0)=-0.0664
2026-06-21 19:26:18 | INFO     |   [garbage  rep  13/30] E(1.0)=+0.9805 E(3.0)=+0.0039 E(5.0)=+0.0391
2026-06-21 19:26:18 | INFO     |   [garbage  rep  14/30] E(1.0)=+0.9688 E(3.0)=-0.0078 E(5.0)=+0.0039
2026-06-21 19:26:18 | INFO     |   [garbage  rep  15/30] E(1.0)=+0.9805 E(3.0)=+0.0039 E(5.0)=-0.0664
2026-06-21 19:26:18 | INFO     |   [garbage  rep  16/30] E(1.0)=+0.9805 E(3.0)=-0.0156 E(5.0)=-0.0234
2026-06-21 19:26:19 | INFO     |   [garbage  rep  17/30] E(1.0)=+0.9844 E(3.0)=+0.0586 E(5.0)=-0.0195
2026-06-21 19:26:19 | INFO     |   [garbage  rep  18/30] E(1.0)=+0.9844 E(3.0)=+0.0234 E(5.0)=-0.0039
2026-06-21 19:26:19 | INFO     |   [garbage  rep  19/30] E(1.0)=+0.9570 E(3.0)=+0.0469 E(5.0)=-0.1445
2026-06-21 19:26:19 | INFO     |   [garbage  rep  20/30] E(1.0)=+0.9727 E(3.0)=+0.0312 E(5.0)=+0.0391
2026-06-21 19:26:19 | INFO     |   [garbage  rep  21/30] E(1.0)=+0.9453 E(3.0)=+0.0820 E(5.0)=-0.0938
2026-06-21 19:26:19 | INFO     |   [garbage  rep  22/30] E(1.0)=+0.9844 E(3.0)=+0.0078 E(5.0)=-0.0078
2026-06-21 19:26:19 | INFO     |   [garbage  rep  23/30] E(1.0)=+0.9766 E(3.0)=+0.0234 E(5.0)=-0.0156
2026-06-21 19:26:19 | INFO     |   [garbage  rep  24/30] E(1.0)=+0.9648 E(3.0)=+0.0703 E(5.0)=-0.0859
2026-06-21 19:26:19 | INFO     |   [garbage  rep  25/30] E(1.0)=+0.9805 E(3.0)=-0.0312 E(5.0)=+0.0391
2026-06-21 19:26:19 | INFO     |   [garbage  rep  26/30] E(1.0)=+0.9805 E(3.0)=-0.1289 E(5.0)=-0.0156
2026-06-21 19:26:19 | INFO     |   [garbage  rep  27/30] E(1.0)=+0.9727 E(3.0)=-0.0586 E(5.0)=-0.0312
2026-06-21 19:26:19 | INFO     |   [garbage  rep  28/30] E(1.0)=+0.9844 E(3.0)=-0.0469 E(5.0)=+0.0000
2026-06-21 19:26:19 | INFO     |   [garbage  rep  29/30] E(1.0)=+0.9688 E(3.0)=-0.0156 E(5.0)=-0.0430
2026-06-21 19:26:19 | INFO     |   [garbage  rep  30/30] E(1.0)=+0.9688 E(3.0)=+0.0664 E(5.0)=+0.0078
2026-06-21 19:26:19 | INFO     |   [identity rep   1/30] E(1.0)=+0.9805 E(3.0)=+0.9805 E(5.0)=+0.9336
2026-06-21 19:26:19 | INFO     |   [identity rep   2/30] E(1.0)=+0.9648 E(3.0)=+0.9648 E(5.0)=+0.9414
2026-06-21 19:26:19 | INFO     |   [identity rep   3/30] E(1.0)=+0.9766 E(3.0)=+0.9570 E(5.0)=+0.9492
2026-06-21 19:26:19 | INFO     |   [identity rep   4/30] E(1.0)=+0.9766 E(3.0)=+0.9414 E(5.0)=+0.9375
2026-06-21 19:26:19 | INFO     |   [identity rep   5/30] E(1.0)=+0.9844 E(3.0)=+0.9570 E(5.0)=+0.9453
2026-06-21 19:26:20 | INFO     |   [identity rep   6/30] E(1.0)=+0.9766 E(3.0)=+0.9766 E(5.0)=+0.9531
2026-06-21 19:26:20 | INFO     |   [identity rep   7/30] E(1.0)=+0.9766 E(3.0)=+0.9375 E(5.0)=+0.9336
2026-06-21 19:26:20 | INFO     |   [identity rep   8/30] E(1.0)=+0.9844 E(3.0)=+0.9766 E(5.0)=+0.9531
2026-06-21 19:26:20 | INFO     |   [identity rep   9/30] E(1.0)=+0.9648 E(3.0)=+0.9727 E(5.0)=+0.9492
2026-06-21 19:26:20 | INFO     |   [identity rep  10/30] E(1.0)=+0.9805 E(3.0)=+0.9688 E(5.0)=+0.9414
2026-06-21 19:26:20 | INFO     |   [identity rep  11/30] E(1.0)=+0.9883 E(3.0)=+0.9609 E(5.0)=+0.9609
2026-06-21 19:26:20 | INFO     |   [identity rep  12/30] E(1.0)=+0.9727 E(3.0)=+0.9414 E(5.0)=+0.9219
2026-06-21 19:26:20 | INFO     |   [identity rep  13/30] E(1.0)=+0.9922 E(3.0)=+0.9453 E(5.0)=+0.9492
2026-06-21 19:26:20 | INFO     |   [identity rep  14/30] E(1.0)=+0.9883 E(3.0)=+0.9727 E(5.0)=+0.9609
2026-06-21 19:26:20 | INFO     |   [identity rep  15/30] E(1.0)=+0.9766 E(3.0)=+0.9531 E(5.0)=+0.9609
2026-06-21 19:26:20 | INFO     |   [identity rep  16/30] E(1.0)=+0.9766 E(3.0)=+0.9609 E(5.0)=+0.9727
2026-06-21 19:26:20 | INFO     |   [identity rep  17/30] E(1.0)=+0.9609 E(3.0)=+0.9805 E(5.0)=+0.9727
2026-06-21 19:26:20 | INFO     |   [identity rep  18/30] E(1.0)=+0.9766 E(3.0)=+0.9766 E(5.0)=+0.9688
2026-06-21 19:26:20 | INFO     |   [identity rep  19/30] E(1.0)=+0.9844 E(3.0)=+0.9531 E(5.0)=+0.9453
2026-06-21 19:26:20 | INFO     |   [identity rep  20/30] E(1.0)=+0.9648 E(3.0)=+0.9141 E(5.0)=+0.9531
2026-06-21 19:26:20 | INFO     |   [identity rep  21/30] E(1.0)=+0.9844 E(3.0)=+0.9766 E(5.0)=+0.9531
2026-06-21 19:26:20 | INFO     |   [identity rep  22/30] E(1.0)=+0.9766 E(3.0)=+0.9648 E(5.0)=+0.9492
2026-06-21 19:26:20 | INFO     |   [identity rep  23/30] E(1.0)=+0.9648 E(3.0)=+0.9766 E(5.0)=+0.9219
2026-06-21 19:26:21 | INFO     |   [identity rep  24/30] E(1.0)=+0.9727 E(3.0)=+0.9688 E(5.0)=+0.9297
2026-06-21 19:26:21 | INFO     |   [identity rep  25/30] E(1.0)=+0.9844 E(3.0)=+0.9609 E(5.0)=+0.9414
2026-06-21 19:26:21 | INFO     |   [identity rep  26/30] E(1.0)=+0.9805 E(3.0)=+0.9531 E(5.0)=+0.9336
2026-06-21 19:26:21 | INFO     |   [identity rep  27/30] E(1.0)=+0.9883 E(3.0)=+0.9727 E(5.0)=+0.9648
2026-06-21 19:26:21 | INFO     |   [identity rep  28/30] E(1.0)=+0.9805 E(3.0)=+0.9570 E(5.0)=+0.9336
2026-06-21 19:26:21 | INFO     |   [identity rep  29/30] E(1.0)=+0.9766 E(3.0)=+0.9609 E(5.0)=+0.9805
2026-06-21 19:26:21 | INFO     |   [identity rep  30/30] E(1.0)=+0.9766 E(3.0)=+0.9531 E(5.0)=+0.9414
2026-06-21 19:26:21 | INFO     |   aggregate -> j14_czne_destroyed_summary.csv: rho_genu=2.029 rho_garb=116.2368 rho_iden=2.7967
2026-06-21 19:26:21 | INFO     | ✓ DONE  j14_czne_dataset_big  (0.2 min)
2026-06-21 19:26:21 | INFO     | ====================================================================
2026-06-21 19:26:21 | INFO     | DAY COMPLETE — 3 done, 0 failed, 0.01 h elapsed
2026-06-21 19:26:21 | INFO     |   manifest: /tmp/eqe_long_smoke/day_manifest.json
2026-06-21 19:26:21 | INFO     | ====================================================================
