2026-06-10 15:11:48 | INFO     | ================================================================
2026-06-10 15:11:48 | INFO     |   Horoscope Effect on hardware — garbage-folding falsification
2026-06-10 15:11:48 | INFO     |   backend=local-sim  reps=5  shots=1024
2026-06-10 15:11:48 | INFO     | ================================================================
2026-06-10 15:11:49 | INFO     | Ideal <ZZZZ> = 0.981197
2026-06-10 15:11:49 | INFO     | Transpiled TC1: 49 gates, 6 two-qubit, depth 25
2026-06-10 15:11:49 | INFO     |   lambda=1.0: genuine=53g/6cz  garbage=53g/6cz  [OK]
2026-06-10 15:11:49 | INFO     |   lambda=3.0: genuine=151g/18cz  garbage=151g/18cz  [OK]
2026-06-10 15:11:49 | INFO     |   lambda=5.0: genuine=249g/30cz  garbage=249g/30cz  [OK]
2026-06-10 15:11:49 | INFO     |   [genuine rep   1/5] E(1.0)=+0.9766 E(3.0)=+0.9551 E(5.0)=+0.9453
2026-06-10 15:11:49 | INFO     |   [genuine rep   2/5] E(1.0)=+0.9688 E(3.0)=+0.9453 E(5.0)=+0.9219
2026-06-10 15:11:49 | INFO     |   [genuine rep   3/5] E(1.0)=+0.9648 E(3.0)=+0.9434 E(5.0)=+0.9238
2026-06-10 15:11:49 | INFO     |   [genuine rep   4/5] E(1.0)=+0.9824 E(3.0)=+0.9551 E(5.0)=+0.9414
2026-06-10 15:11:49 | INFO     |   [genuine rep   5/5] E(1.0)=+0.9727 E(3.0)=+0.9512 E(5.0)=+0.9375
2026-06-10 15:11:49 | INFO     |   [garbage rep   1/5] E(1.0)=+0.9590 E(3.0)=-0.1465 E(5.0)=-0.1816
2026-06-10 15:11:49 | INFO     |   [garbage rep   2/5] E(1.0)=+0.9707 E(3.0)=-0.0840 E(5.0)=-0.1816
2026-06-10 15:11:49 | INFO     |   [garbage rep   3/5] E(1.0)=+0.9609 E(3.0)=-0.0957 E(5.0)=-0.2051
2026-06-10 15:11:49 | INFO     |   [garbage rep   4/5] E(1.0)=+0.9766 E(3.0)=-0.0664 E(5.0)=-0.1680
2026-06-10 15:11:49 | INFO     |   [garbage rep   5/5] E(1.0)=+0.9746 E(3.0)=-0.0859 E(5.0)=-0.2305
2026-06-10 15:11:49 | INFO     | Collection complete.
2026-06-10 15:11:49 | INFO     | ================================================================
2026-06-10 15:11:49 | INFO     |   AGGREGATE RESULT (EQE1 garbage-folding falsification)
2026-06-10 15:11:49 | INFO     | ================================================================
2026-06-10 15:11:49 | INFO     |     circuit        = TC1 Trotter 4q
2026-06-10 15:11:49 | INFO     |     backend        = EQE1
2026-06-10 15:11:49 | INFO     |     n_qubits       = 4
2026-06-10 15:11:49 | INFO     |     observable     = ZZZZ
2026-06-10 15:11:49 | INFO     |     E_ideal        = 0.981197
2026-06-10 15:11:49 | INFO     |     sigma_ci       = 3.5
2026-06-10 15:11:49 | INFO     |     E1_gen         = 0.973047
2026-06-10 15:11:49 | INFO     |     E3_gen         = 0.95
2026-06-10 15:11:49 | INFO     |     E5_gen         = 0.933984
2026-06-10 15:11:49 | INFO     |     E_mit_gen      = 0.987207
2026-06-10 15:11:49 | INFO     |     rho_gen        = 1.7374
2026-06-10 15:11:49 | INFO     |     neg_states_gen = 6
2026-06-10 15:11:49 | INFO     |     neg_pmin_gen   = -0.001074
2026-06-10 15:11:49 | INFO     |     E1_garb        = 0.968359
2026-06-10 15:11:49 | INFO     |     E3_garb        = -0.095703
2026-06-10 15:11:49 | INFO     |     E5_garb        = -0.19336
2026-06-10 15:11:49 | INFO     |     E_mit_garb     = 1.862792
2026-06-10 15:11:49 | INFO     |     rho_garb       = 69.6718
2026-06-10 15:11:49 | INFO     |     neg_states_garb = 14
2026-06-10 15:11:49 | INFO     |     neg_pmin_garb  = -0.238989
2026-06-10 15:11:49 | INFO     |   Saved: /tmp/horoscope_qexa_test/horoscope_qexa_summary.csv
2026-06-19 11:21:55 | INFO     | ================================================================
2026-06-19 11:21:55 | INFO     |   Horoscope Effect on hardware — garbage-folding falsification
2026-06-19 11:21:55 | INFO     |   backend=local-sim  reps=5  shots=1024
2026-06-19 11:21:55 | INFO     | ================================================================
2026-06-19 11:21:55 | INFO     | Ideal <ZZZZ> = 0.981197
2026-06-19 11:21:55 | INFO     | Transpiled TC1 on layout [8, 9, 10, 11]: 65 gates, 6 two-qubit, depth 32
2026-06-19 11:21:55 | INFO     |   lambda=1.0: genuine=69g/6cz  garbage=69g/6cz  [OK]
2026-06-19 11:21:55 | INFO     |   lambda=3.0: genuine=199g/18cz  garbage=199g/18cz  [OK]
2026-06-19 11:21:55 | INFO     |   lambda=5.0: genuine=329g/30cz  garbage=329g/30cz  [OK]
2026-06-19 11:21:55 | INFO     |   [genuine rep   1/5] E(1.0)=+0.9727 E(3.0)=+0.9434 E(5.0)=+0.9355
2026-06-19 11:21:55 | INFO     |   [genuine rep   2/5] E(1.0)=+0.9629 E(3.0)=+0.9453 E(5.0)=+0.9297
2026-06-19 11:21:55 | INFO     |   [genuine rep   3/5] E(1.0)=+0.9688 E(3.0)=+0.9570 E(5.0)=+0.9141
2026-06-19 11:21:55 | INFO     |   [genuine rep   4/5] E(1.0)=+0.9688 E(3.0)=+0.9434 E(5.0)=+0.9238
2026-06-19 11:21:55 | INFO     |   [genuine rep   5/5] E(1.0)=+0.9727 E(3.0)=+0.9531 E(5.0)=+0.9375
2026-06-19 11:21:55 | INFO     |   [garbage rep   1/5] E(1.0)=+0.9746 E(3.0)=-0.1172 E(5.0)=+0.0723
2026-06-19 11:21:55 | INFO     |   [garbage rep   2/5] E(1.0)=+0.9629 E(3.0)=-0.1133 E(5.0)=+0.0801
2026-06-19 11:21:55 | INFO     |   [garbage rep   3/5] E(1.0)=+0.9844 E(3.0)=-0.1543 E(5.0)=+0.0137
2026-06-19 11:21:55 | INFO     |   [garbage rep   4/5] E(1.0)=+0.9766 E(3.0)=-0.1758 E(5.0)=+0.0742
2026-06-19 11:21:55 | INFO     |   [garbage rep   5/5] E(1.0)=+0.9629 E(3.0)=-0.1777 E(5.0)=+0.0742
2026-06-19 11:21:55 | INFO     | Collection complete.
2026-06-19 11:21:55 | INFO     | ================================================================
2026-06-19 11:21:55 | INFO     |   AGGREGATE RESULT (EQE1 garbage-folding falsification)
2026-06-19 11:21:55 | INFO     | ================================================================
2026-06-19 11:21:55 | INFO     |     circuit        = TC1 Trotter 4q
2026-06-19 11:21:55 | INFO     |     backend        = EQE1
2026-06-19 11:21:55 | INFO     |     n_qubits       = 4
2026-06-19 11:21:55 | INFO     |     observable     = ZZZZ
2026-06-19 11:21:55 | INFO     |     E_ideal        = 0.981197
2026-06-19 11:21:55 | INFO     |     sigma_ci       = 3.5
2026-06-19 11:21:55 | INFO     |     E1_gen         = 0.969141
2026-06-19 11:21:55 | INFO     |     E3_gen         = 0.948437
2026-06-19 11:21:55 | INFO     |     E5_gen         = 0.928125
2026-06-19 11:21:55 | INFO     |     E_mit_gen      = 0.979639
2026-06-19 11:21:55 | INFO     |     rho_gen        = 0.8708
2026-06-19 11:21:55 | INFO     |     neg_states_gen = 1
2026-06-19 11:21:55 | INFO     |     neg_pmin_gen   = -0.002466
2026-06-19 11:21:55 | INFO     |     E1_garb        = 0.972266
2026-06-19 11:21:55 | INFO     |     E3_garb        = -0.147656
2026-06-19 11:21:55 | INFO     |     E5_garb        = 0.062891
2026-06-19 11:21:55 | INFO     |     E_mit_garb     = 2.031152
2026-06-19 11:21:55 | INFO     |     rho_garb       = 118.5578
2026-06-19 11:21:55 | INFO     |     neg_states_garb = 11
2026-06-19 11:21:55 | INFO     |     neg_pmin_garb  = -0.387476
2026-06-19 11:21:55 | INFO     |   Saved: build/results/horoscope_test/horoscope_qexa_summary.csv
